main.c:186:5:main	48	static
main.c:289:6:SystemClock_Config	88	static
main.c:335:13:MX_ADC1_Init	40	static
main.c:403:13:MX_ADC2_Init	24	static
main.c:459:13:MX_USART2_UART_Init	8	static
main.c:490:13:MX_DMA_Init	16	static
main.c:508:13:MX_GPIO_Init	48	static
main.c:533:5:_write	32	static
main.c:549:6:set_adc_fast	32	static
main.c:567:6:set_adc_slow	32	static
main.c:589:6:do_samples	16	static
main.c:607:11:tdoa_to_angle	40	static
main.c:613:8:get_angle	32	static
main.c:629:6:do_recording	8	static
main.c:636:6:convert_recording	8	static
main.c:641:6:reverse_recording	16	static
main.c:649:6:autocorrelate_recording	16	static
main.c:656:9:recording_is_present	32	static
main.c:737:9:frequency_is_present	40	static
main.c:758:11:find_tdoa	24	static
main.c:780:6:send_angles	24	static
main.c:788:11:do_fft	72	static
main.c:832:6:to_float	40	static
main.c:851:6:HAL_ADC_ConvCpltCallback	24	static
main.c:865:6:HAL_ADC_ConvHalfCpltCallback	24	static
main.c:868:6:HAL_UART_RxCpltCallback	16	static
main.c:898:6:Error_Handler	4	static,ignoring_inline_asm
