main.c:157:5:main	32	static
main.c:307:6:SystemClock_Config	88	static
main.c:353:13:MX_ADC1_Init	40	static
main.c:421:13:MX_ADC2_Init	24	static
main.c:477:13:MX_USART2_UART_Init	8	static
main.c:508:13:MX_DMA_Init	16	static
main.c:526:13:MX_GPIO_Init	48	static
main.c:551:5:_write	32	static
main.c:626:11:tdoa_to_angle	40	static
main.c:632:6:do_recording	24	static
main.c:637:6:convert_recording	24	static
main.c:656:6:reverse_recording	16	static
main.c:664:6:autocorrelate_recording	16	static
main.c:675:9:recording_is_present	32	static
main.c:701:9:frequency_is_present	48	static
main.c:722:11:find_tdoa	24	static
main.c:744:6:send_angles	24	static
main.c:752:11:do_fft	72	static
main.c:795:6:to_float	40	static
main.c:814:6:HAL_ADC_ConvCpltCallback	24	static
main.c:829:6:HAL_ADC_ConvHalfCpltCallback	16	static
main.c:832:6:HAL_UART_RxCpltCallback	16	static
main.c:861:6:Error_Handler	4	static,ignoring_inline_asm
