main.c:102:5:main	32	static
main.c:187:6:SystemClock_Config	88	static
main.c:233:13:MX_ADC1_Init	24	static
main.c:283:13:MX_ADC2_Init	24	static
main.c:333:13:MX_DAC_Init	16	static
main.c:377:13:MX_TIM2_Init	32	static
main.c:422:13:MX_TIM4_Init	32	static
main.c:467:13:MX_USART2_UART_Init	8	static
main.c:498:13:MX_DMA_Init	16	static
main.c:519:13:MX_GPIO_Init	48	static
main.c:538:5:_write	32	static
main.c:554:6:PollChannel	40	static
main.c:576:6:HAL_TIM_PeriodElapsedCallback	48	static
main.c:604:6:Error_Handler	4	static,ignoring_inline_asm
