00:12:32 **** Incremental Build of configuration Debug for project RecordedLocator ****
make -j8 all 
arm-none-eabi-gcc "../Core/Src/main.c" -mcpu=cortex-m4 -std=gnu11 -g3 -DUSE_HAL_DRIVER -DARM_MATH_CM4 -DSTM32F446xx -DDEBUG -c -I../Core/Inc -I../Drivers/STM32F4xx_HAL_Driver/Inc -I../Drivers/STM32F4xx_HAL_Driver/Inc/Legacy -I../Drivers/CMSIS/Device/ST/STM32F4xx/Include -I../Drivers/CMSIS/Include -O0 -ffunction-sections -fdata-sections -Wall -fstack-usage -MMD -MP -MF"Core/Src/main.d" -MT"Core/Src/main.o" --specs=nano.specs -mfpu=fpv4-sp-d16 -mfloat-abi=hard -mthumb -o "Core/Src/main.o"
../Core/Src/main.c:56:0: warning: "DEBUG" redefined
 #define DEBUG 8
 
<command-line>:0:0: note: this is the location of the previous definition
../Core/Src/main.c: In function 'main':
../Core/Src/main.c:224:22: warning: unused variable 'status' [-Wunused-variable]
    HAL_StatusTypeDef status = HAL_UART_Receive_IT(&huart2, command, 5);
                      ^~~~~~
../Core/Src/main.c: In function 'send_angles':
../Core/Src/main.c:741:29: warning: pointer targets in passing argument 2 of 'HAL_UART_Transmit' differ in signedness [-Wpointer-sign]
  HAL_UART_Transmit(&huart2, data2, sizeof(int8_t) * 2, 1000);
                             ^~~~~
In file included from ../Core/Inc/stm32f4xx_hal_conf.h:404:0,
                 from ../Drivers/STM32F4xx_HAL_Driver/Inc/stm32f4xx_hal.h:30,
                 from ../Core/Inc/main.h:31,
                 from ../Core/Src/main.c:21:
../Drivers/STM32F4xx_HAL_Driver/Inc/stm32f4xx_hal_uart.h:696:19: note: expected 'uint8_t * {aka unsigned char *}' but argument is of type 'int8_t * {aka signed char *}'
 HAL_StatusTypeDef HAL_UART_Transmit(UART_HandleTypeDef *huart, uint8_t *pData, uint16_t Size, uint32_t Timeout);
                   ^~~~~~~~~~~~~~~~~
../Core/Src/main.c: In function 'HAL_ADC_ConvHalfCpltCallback':
../Core/Src/main.c:825:5: warning: unused variable 'i' [-Wunused-variable]
 int i = 0;
     ^
arm-none-eabi-gcc -o "RecordedLocator.elf" @"objects.list"  -lAcousticSL_CM4F_wc32_ot -larm_cortexM4lf_math -mcpu=cortex-m4 -T"C:\Users\catsr\source\repos\2D-Sound-Locator-ECE-44x\Embedded\RecordedLocator\STM32F446RETX_FLASH.ld" --specs=nosys.specs -Wl,-Map="RecordedLocator.map" -Wl,--gc-sections -static -L"C:\Users\catsr\source\repos\2D-Sound-Locator-ECE-44x\Embedded\RecordedLocator\lib" -L"C:\Users\catsr\Downloads\en.x-cube-memsmic1\STM32CubeExpansion_MEMSMIC1_V5.5.0\Middlewares\ST\STM32_AcousticSL_Library\Lib" -L"C:\Users\catsr\Downloads\en.x-cube-memsmic1\STM32CubeExpansion_MEMSMIC1_V5.5.0\Middlewares\ST\STM32_AcousticBF_Library\Lib" --specs=nano.specs -mfpu=fpv4-sp-d16 -mfloat-abi=hard -mthumb -Wl,--start-group -lc -lm -Wl,--end-group
Finished building target: RecordedLocator.elf
 
arm-none-eabi-objdump -h -S  RecordedLocator.elf  > "RecordedLocator.list"
arm-none-eabi-objcopy  -O binary  RecordedLocator.elf  "RecordedLocator.bin"
arm-none-eabi-size   RecordedLocator.elf 
   text	   data	    bss	    dec	    hex	filename
 115752	    136	  75664	 191552	  2ec40	RecordedLocator.elf
Finished building: default.size.stdout
 
Finished building: RecordedLocator.bin
 
Finished building: RecordedLocator.list
 
00:12:35 **** Incremental Build of configuration Debug for project RecordedLocator ****
make -j8 all 
arm-none-eabi-size   RecordedLocator.elf 
   text	   data	    bss	    dec	    hex	filename
 115752	    136	  75664	 191552	  2ec40	RecordedLocator.elf
Finished building: default.size.stdout
 
00:13:22 **** Incremental Build of configuration Debug for project RecordedLocator ****
make -j8 all 
arm-none-eabi-gcc "../Core/Src/main.c" -mcpu=cortex-m4 -std=gnu11 -g3 -DUSE_HAL_DRIVER -DARM_MATH_CM4 -DSTM32F446xx -DDEBUG -c -I../Core/Inc -I../Drivers/STM32F4xx_HAL_Driver/Inc -I../Drivers/STM32F4xx_HAL_Driver/Inc/Legacy -I../Drivers/CMSIS/Device/ST/STM32F4xx/Include -I../Drivers/CMSIS/Include -O0 -ffunction-sections -fdata-sections -Wall -fstack-usage -MMD -MP -MF"Core/Src/main.d" -MT"Core/Src/main.o" --specs=nano.specs -mfpu=fpv4-sp-d16 -mfloat-abi=hard -mthumb -o "Core/Src/main.o"
../Core/Src/main.c:56:0: warning: "DEBUG" redefined
 #define DEBUG 8
 
<command-line>:0:0: note: this is the location of the previous definition
../Core/Src/main.c: In function 'main':
../Core/Src/main.c:224:22: warning: unused variable 'status' [-Wunused-variable]
    HAL_StatusTypeDef status = HAL_UART_Receive_IT(&huart2, command, 5);
                      ^~~~~~
../Core/Src/main.c: In function 'send_angles':
../Core/Src/main.c:741:29: warning: pointer targets in passing argument 2 of 'HAL_UART_Transmit' differ in signedness [-Wpointer-sign]
  HAL_UART_Transmit(&huart2, data2, sizeof(int8_t) * 2, 1000);
                             ^~~~~
In file included from ../Core/Inc/stm32f4xx_hal_conf.h:404:0,
                 from ../Drivers/STM32F4xx_HAL_Driver/Inc/stm32f4xx_hal.h:30,
                 from ../Core/Inc/main.h:31,
                 from ../Core/Src/main.c:21:
../Drivers/STM32F4xx_HAL_Driver/Inc/stm32f4xx_hal_uart.h:696:19: note: expected 'uint8_t * {aka unsigned char *}' but argument is of type 'int8_t * {aka signed char *}'
 HAL_StatusTypeDef HAL_UART_Transmit(UART_HandleTypeDef *huart, uint8_t *pData, uint16_t Size, uint32_t Timeout);
                   ^~~~~~~~~~~~~~~~~
../Core/Src/main.c: In function 'HAL_ADC_ConvHalfCpltCallback':
../Core/Src/main.c:825:5: warning: unused variable 'i' [-Wunused-variable]
 int i = 0;
     ^
arm-none-eabi-gcc -o "RecordedLocator.elf" @"objects.list"  -lAcousticSL_CM4F_wc32_ot -larm_cortexM4lf_math -mcpu=cortex-m4 -T"C:\Users\catsr\source\repos\2D-Sound-Locator-ECE-44x\Embedded\RecordedLocator\STM32F446RETX_FLASH.ld" --specs=nosys.specs -Wl,-Map="RecordedLocator.map" -Wl,--gc-sections -static -L"C:\Users\catsr\source\repos\2D-Sound-Locator-ECE-44x\Embedded\RecordedLocator\lib" -L"C:\Users\catsr\Downloads\en.x-cube-memsmic1\STM32CubeExpansion_MEMSMIC1_V5.5.0\Middlewares\ST\STM32_AcousticSL_Library\Lib" -L"C:\Users\catsr\Downloads\en.x-cube-memsmic1\STM32CubeExpansion_MEMSMIC1_V5.5.0\Middlewares\ST\STM32_AcousticBF_Library\Lib" --specs=nano.specs -mfpu=fpv4-sp-d16 -mfloat-abi=hard -mthumb -Wl,--start-group -lc -lm -Wl,--end-group
Finished building target: RecordedLocator.elf
 
arm-none-eabi-objdump -h -S  RecordedLocator.elf  > "RecordedLocator.list"
arm-none-eabi-objcopy  -O binary  RecordedLocator.elf  "RecordedLocator.bin"
arm-none-eabi-size   RecordedLocator.elf 
   text	   data	    bss	    dec	    hex	filename
 115680	    136	  75656	 191472	  2ebf0	RecordedLocator.elf
Finished building: default.size.stdout
 
Finished building: RecordedLocator.bin
 
Finished building: RecordedLocator.list
 
00:13:39 **** Incremental Build of configuration Debug for project RecordedLocator ****
make -j8 all 
arm-none-eabi-size   RecordedLocator.elf 
   text	   data	    bss	    dec	    hex	filename
 115680	    136	  75656	 191472	  2ebf0	RecordedLocator.elf
Finished building: default.size.stdout
 
00:14:48 **** Incremental Build of configuration Debug for project RecordedLocator ****
make -j8 all 
arm-none-eabi-gcc "../Core/Src/main.c" -mcpu=cortex-m4 -std=gnu11 -g3 -DUSE_HAL_DRIVER -DARM_MATH_CM4 -DSTM32F446xx -DDEBUG -c -I../Core/Inc -I../Drivers/STM32F4xx_HAL_Driver/Inc -I../Drivers/STM32F4xx_HAL_Driver/Inc/Legacy -I../Drivers/CMSIS/Device/ST/STM32F4xx/Include -I../Drivers/CMSIS/Include -O0 -ffunction-sections -fdata-sections -Wall -fstack-usage -MMD -MP -MF"Core/Src/main.d" -MT"Core/Src/main.o" --specs=nano.specs -mfpu=fpv4-sp-d16 -mfloat-abi=hard -mthumb -o "Core/Src/main.o"
../Core/Src/main.c:56:0: warning: "DEBUG" redefined
 #define DEBUG 8
 
<command-line>:0:0: note: this is the location of the previous definition
../Core/Src/main.c: In function 'main':
../Core/Src/main.c:224:22: warning: unused variable 'status' [-Wunused-variable]
    HAL_StatusTypeDef status = HAL_UART_Receive_IT(&huart2, command, 5);
                      ^~~~~~
../Core/Src/main.c: In function 'send_angles':
../Core/Src/main.c:741:29: warning: pointer targets in passing argument 2 of 'HAL_UART_Transmit' differ in signedness [-Wpointer-sign]
  HAL_UART_Transmit(&huart2, data2, sizeof(int8_t) * 2, 1000);
                             ^~~~~
In file included from ../Core/Inc/stm32f4xx_hal_conf.h:404:0,
                 from ../Drivers/STM32F4xx_HAL_Driver/Inc/stm32f4xx_hal.h:30,
                 from ../Core/Inc/main.h:31,
                 from ../Core/Src/main.c:21:
../Drivers/STM32F4xx_HAL_Driver/Inc/stm32f4xx_hal_uart.h:696:19: note: expected 'uint8_t * {aka unsigned char *}' but argument is of type 'int8_t * {aka signed char *}'
 HAL_StatusTypeDef HAL_UART_Transmit(UART_HandleTypeDef *huart, uint8_t *pData, uint16_t Size, uint32_t Timeout);
                   ^~~~~~~~~~~~~~~~~
../Core/Src/main.c: In function 'HAL_ADC_ConvHalfCpltCallback':
../Core/Src/main.c:825:5: warning: unused variable 'i' [-Wunused-variable]
 int i = 0;
     ^
arm-none-eabi-gcc -o "RecordedLocator.elf" @"objects.list"  -lAcousticSL_CM4F_wc32_ot -larm_cortexM4lf_math -mcpu=cortex-m4 -T"C:\Users\catsr\source\repos\2D-Sound-Locator-ECE-44x\Embedded\RecordedLocator\STM32F446RETX_FLASH.ld" --specs=nosys.specs -Wl,-Map="RecordedLocator.map" -Wl,--gc-sections -static -L"C:\Users\catsr\source\repos\2D-Sound-Locator-ECE-44x\Embedded\RecordedLocator\lib" -L"C:\Users\catsr\Downloads\en.x-cube-memsmic1\STM32CubeExpansion_MEMSMIC1_V5.5.0\Middlewares\ST\STM32_AcousticSL_Library\Lib" -L"C:\Users\catsr\Downloads\en.x-cube-memsmic1\STM32CubeExpansion_MEMSMIC1_V5.5.0\Middlewares\ST\STM32_AcousticBF_Library\Lib" --specs=nano.specs -mfpu=fpv4-sp-d16 -mfloat-abi=hard -mthumb -Wl,--start-group -lc -lm -Wl,--end-group
Finished building target: RecordedLocator.elf
 
arm-none-eabi-objdump -h -S  RecordedLocator.elf  > "RecordedLocator.list"
arm-none-eabi-objcopy  -O binary  RecordedLocator.elf  "RecordedLocator.bin"
arm-none-eabi-size   RecordedLocator.elf 
   text	   data	    bss	    dec	    hex	filename
 115752	    136	  79760	 195648	  2fc40	RecordedLocator.elf
Finished building: default.size.stdout
 
Finished building: RecordedLocator.bin
 
Finished building: RecordedLocator.list
 
00:34:22 **** Incremental Build of configuration Debug for project RecordedLocator ****
make -j8 all 
arm-none-eabi-gcc "../Core/Src/main.c" -mcpu=cortex-m4 -std=gnu11 -g3 -DUSE_HAL_DRIVER -DARM_MATH_CM4 -DSTM32F446xx -DDEBUG -c -I../Core/Inc -I../Drivers/STM32F4xx_HAL_Driver/Inc -I../Drivers/STM32F4xx_HAL_Driver/Inc/Legacy -I../Drivers/CMSIS/Device/ST/STM32F4xx/Include -I../Drivers/CMSIS/Include -O0 -ffunction-sections -fdata-sections -Wall -fstack-usage -MMD -MP -MF"Core/Src/main.d" -MT"Core/Src/main.o" --specs=nano.specs -mfpu=fpv4-sp-d16 -mfloat-abi=hard -mthumb -o "Core/Src/main.o"
../Core/Src/main.c:56:0: warning: "DEBUG" redefined
 #define DEBUG 8
 
<command-line>:0:0: note: this is the location of the previous definition
../Core/Src/main.c: In function 'main':
../Core/Src/main.c:224:22: warning: unused variable 'status' [-Wunused-variable]
    HAL_StatusTypeDef status = HAL_UART_Receive_IT(&huart2, command, 5);
                      ^~~~~~
../Core/Src/main.c: In function 'send_angles':
../Core/Src/main.c:739:29: warning: pointer targets in passing argument 2 of 'HAL_UART_Transmit' differ in signedness [-Wpointer-sign]
  HAL_UART_Transmit(&huart2, data2, sizeof(int8_t) * 2, 1000);
                             ^~~~~
In file included from ../Core/Inc/stm32f4xx_hal_conf.h:404:0,
                 from ../Drivers/STM32F4xx_HAL_Driver/Inc/stm32f4xx_hal.h:30,
                 from ../Core/Inc/main.h:31,
                 from ../Core/Src/main.c:21:
../Drivers/STM32F4xx_HAL_Driver/Inc/stm32f4xx_hal_uart.h:696:19: note: expected 'uint8_t * {aka unsigned char *}' but argument is of type 'int8_t * {aka signed char *}'
 HAL_StatusTypeDef HAL_UART_Transmit(UART_HandleTypeDef *huart, uint8_t *pData, uint16_t Size, uint32_t Timeout);
                   ^~~~~~~~~~~~~~~~~
../Core/Src/main.c: In function 'HAL_ADC_ConvCpltCallback':
../Core/Src/main.c:817:21: error: 'adc_all' undeclared (first use in this function); did you mean 'ADC_all'?
    recording[i/4] = adc_all[i];
                     ^~~~~~~
                     ADC_all
../Core/Src/main.c:817:21: note: each undeclared identifier is reported only once for each function it appears in
../Core/Src/main.c: In function 'HAL_ADC_ConvHalfCpltCallback':
../Core/Src/main.c:826:5: warning: unused variable 'i' [-Wunused-variable]
 int i = 0;
     ^
make: *** [Core/Src/subdir.mk:33: Core/Src/main.o] Error 1
"make -j8 all" terminated with exit code 2. Build might be incomplete.
00:34:39 **** Incremental Build of configuration Debug for project RecordedLocator ****
make -j8 all 
arm-none-eabi-gcc "../Core/Src/main.c" -mcpu=cortex-m4 -std=gnu11 -g3 -DUSE_HAL_DRIVER -DARM_MATH_CM4 -DSTM32F446xx -DDEBUG -c -I../Core/Inc -I../Drivers/STM32F4xx_HAL_Driver/Inc -I../Drivers/STM32F4xx_HAL_Driver/Inc/Legacy -I../Drivers/CMSIS/Device/ST/STM32F4xx/Include -I../Drivers/CMSIS/Include -O0 -ffunction-sections -fdata-sections -Wall -fstack-usage -MMD -MP -MF"Core/Src/main.d" -MT"Core/Src/main.o" --specs=nano.specs -mfpu=fpv4-sp-d16 -mfloat-abi=hard -mthumb -o "Core/Src/main.o"
../Core/Src/main.c:56:0: warning: "DEBUG" redefined
 #define DEBUG 8
 
<command-line>:0:0: note: this is the location of the previous definition
../Core/Src/main.c: In function 'main':
../Core/Src/main.c:224:22: warning: unused variable 'status' [-Wunused-variable]
    HAL_StatusTypeDef status = HAL_UART_Receive_IT(&huart2, command, 5);
                      ^~~~~~
../Core/Src/main.c: In function 'send_angles':
../Core/Src/main.c:739:29: warning: pointer targets in passing argument 2 of 'HAL_UART_Transmit' differ in signedness [-Wpointer-sign]
  HAL_UART_Transmit(&huart2, data2, sizeof(int8_t) * 2, 1000);
                             ^~~~~
In file included from ../Core/Inc/stm32f4xx_hal_conf.h:404:0,
                 from ../Drivers/STM32F4xx_HAL_Driver/Inc/stm32f4xx_hal.h:30,
                 from ../Core/Inc/main.h:31,
                 from ../Core/Src/main.c:21:
../Drivers/STM32F4xx_HAL_Driver/Inc/stm32f4xx_hal_uart.h:696:19: note: expected 'uint8_t * {aka unsigned char *}' but argument is of type 'int8_t * {aka signed char *}'
 HAL_StatusTypeDef HAL_UART_Transmit(UART_HandleTypeDef *huart, uint8_t *pData, uint16_t Size, uint32_t Timeout);
                   ^~~~~~~~~~~~~~~~~
../Core/Src/main.c: In function 'HAL_ADC_ConvHalfCpltCallback':
../Core/Src/main.c:826:5: warning: unused variable 'i' [-Wunused-variable]
 int i = 0;
     ^
arm-none-eabi-gcc -o "RecordedLocator.elf" @"objects.list"  -lAcousticSL_CM4F_wc32_ot -larm_cortexM4lf_math -mcpu=cortex-m4 -T"C:\Users\catsr\source\repos\2D-Sound-Locator-ECE-44x\Embedded\RecordedLocator\STM32F446RETX_FLASH.ld" --specs=nosys.specs -Wl,-Map="RecordedLocator.map" -Wl,--gc-sections -static -L"C:\Users\catsr\source\repos\2D-Sound-Locator-ECE-44x\Embedded\RecordedLocator\lib" -L"C:\Users\catsr\Downloads\en.x-cube-memsmic1\STM32CubeExpansion_MEMSMIC1_V5.5.0\Middlewares\ST\STM32_AcousticSL_Library\Lib" -L"C:\Users\catsr\Downloads\en.x-cube-memsmic1\STM32CubeExpansion_MEMSMIC1_V5.5.0\Middlewares\ST\STM32_AcousticBF_Library\Lib" --specs=nano.specs -mfpu=fpv4-sp-d16 -mfloat-abi=hard -mthumb -Wl,--start-group -lc -lm -Wl,--end-group
Finished building target: RecordedLocator.elf
 
arm-none-eabi-objdump -h -S  RecordedLocator.elf  > "RecordedLocator.list"
arm-none-eabi-objcopy  -O binary  RecordedLocator.elf  "RecordedLocator.bin"
arm-none-eabi-size   RecordedLocator.elf 
   text	   data	    bss	    dec	    hex	filename
 115768	    136	  79760	 195664	  2fc50	RecordedLocator.elf
Finished building: default.size.stdout
 
Finished building: RecordedLocator.bin
 
Finished building: RecordedLocator.list
 
00:39:10 **** Incremental Build of configuration Debug for project RecordedLocator ****
make -j8 all 
arm-none-eabi-size   RecordedLocator.elf 
   text	   data	    bss	    dec	    hex	filename
 115768	    136	  79760	 195664	  2fc50	RecordedLocator.elf
Finished building: default.size.stdout
 
00:40:40 **** Incremental Build of configuration Debug for project RecordedLocator ****
make -j8 all 
arm-none-eabi-gcc "../Core/Src/main.c" -mcpu=cortex-m4 -std=gnu11 -g3 -DUSE_HAL_DRIVER -DARM_MATH_CM4 -DSTM32F446xx -DDEBUG -c -I../Core/Inc -I../Drivers/STM32F4xx_HAL_Driver/Inc -I../Drivers/STM32F4xx_HAL_Driver/Inc/Legacy -I../Drivers/CMSIS/Device/ST/STM32F4xx/Include -I../Drivers/CMSIS/Include -O0 -ffunction-sections -fdata-sections -Wall -fstack-usage -MMD -MP -MF"Core/Src/main.d" -MT"Core/Src/main.o" --specs=nano.specs -mfpu=fpv4-sp-d16 -mfloat-abi=hard -mthumb -o "Core/Src/main.o"
../Core/Src/main.c:56:0: warning: "DEBUG" redefined
 #define DEBUG 8
 
<command-line>:0:0: note: this is the location of the previous definition
../Core/Src/main.c: In function 'main':
../Core/Src/main.c:224:22: warning: unused variable 'status' [-Wunused-variable]
    HAL_StatusTypeDef status = HAL_UART_Receive_IT(&huart2, command, 5);
                      ^~~~~~
../Core/Src/main.c: In function 'send_angles':
../Core/Src/main.c:739:29: warning: pointer targets in passing argument 2 of 'HAL_UART_Transmit' differ in signedness [-Wpointer-sign]
  HAL_UART_Transmit(&huart2, data2, sizeof(int8_t) * 2, 1000);
                             ^~~~~
In file included from ../Core/Inc/stm32f4xx_hal_conf.h:404:0,
                 from ../Drivers/STM32F4xx_HAL_Driver/Inc/stm32f4xx_hal.h:30,
                 from ../Core/Inc/main.h:31,
                 from ../Core/Src/main.c:21:
../Drivers/STM32F4xx_HAL_Driver/Inc/stm32f4xx_hal_uart.h:696:19: note: expected 'uint8_t * {aka unsigned char *}' but argument is of type 'int8_t * {aka signed char *}'
 HAL_StatusTypeDef HAL_UART_Transmit(UART_HandleTypeDef *huart, uint8_t *pData, uint16_t Size, uint32_t Timeout);
                   ^~~~~~~~~~~~~~~~~
../Core/Src/main.c: In function 'HAL_ADC_ConvHalfCpltCallback':
../Core/Src/main.c:826:5: warning: unused variable 'i' [-Wunused-variable]
 int i = 0;
     ^
arm-none-eabi-gcc -o "RecordedLocator.elf" @"objects.list"  -lAcousticSL_CM4F_wc32_ot -larm_cortexM4lf_math -mcpu=cortex-m4 -T"C:\Users\catsr\source\repos\2D-Sound-Locator-ECE-44x\Embedded\RecordedLocator\STM32F446RETX_FLASH.ld" --specs=nosys.specs -Wl,-Map="RecordedLocator.map" -Wl,--gc-sections -static -L"C:\Users\catsr\source\repos\2D-Sound-Locator-ECE-44x\Embedded\RecordedLocator\lib" -L"C:\Users\catsr\Downloads\en.x-cube-memsmic1\STM32CubeExpansion_MEMSMIC1_V5.5.0\Middlewares\ST\STM32_AcousticSL_Library\Lib" -L"C:\Users\catsr\Downloads\en.x-cube-memsmic1\STM32CubeExpansion_MEMSMIC1_V5.5.0\Middlewares\ST\STM32_AcousticBF_Library\Lib" --specs=nano.specs -mfpu=fpv4-sp-d16 -mfloat-abi=hard -mthumb -Wl,--start-group -lc -lm -Wl,--end-group
Finished building target: RecordedLocator.elf
 
arm-none-eabi-objdump -h -S  RecordedLocator.elf  > "RecordedLocator.list"
arm-none-eabi-objcopy  -O binary  RecordedLocator.elf  "RecordedLocator.bin"
arm-none-eabi-size   RecordedLocator.elf 
   text	   data	    bss	    dec	    hex	filename
 115768	    136	  79760	 195664	  2fc50	RecordedLocator.elf
Finished building: default.size.stdout
 
Finished building: RecordedLocator.bin
 
Finished building: RecordedLocator.list
 
00:41:00 **** Incremental Build of configuration Debug for project RecordedLocator ****
make -j8 all 
arm-none-eabi-gcc "../Core/Src/main.c" -mcpu=cortex-m4 -std=gnu11 -g3 -DUSE_HAL_DRIVER -DARM_MATH_CM4 -DSTM32F446xx -DDEBUG -c -I../Core/Inc -I../Drivers/STM32F4xx_HAL_Driver/Inc -I../Drivers/STM32F4xx_HAL_Driver/Inc/Legacy -I../Drivers/CMSIS/Device/ST/STM32F4xx/Include -I../Drivers/CMSIS/Include -O0 -ffunction-sections -fdata-sections -Wall -fstack-usage -MMD -MP -MF"Core/Src/main.d" -MT"Core/Src/main.o" --specs=nano.specs -mfpu=fpv4-sp-d16 -mfloat-abi=hard -mthumb -o "Core/Src/main.o"
../Core/Src/main.c:56:0: warning: "DEBUG" redefined
 #define DEBUG 8
 
<command-line>:0:0: note: this is the location of the previous definition
../Core/Src/main.c: In function 'main':
../Core/Src/main.c:226:38: error: expected expression before ')' token
    if(location_mode == MODE_RECORDING) {
                                      ^
../Core/Src/main.c:224:22: warning: unused variable 'status' [-Wunused-variable]
    HAL_StatusTypeDef status = HAL_UART_Receive_IT(&huart2, command, 5);
                      ^~~~~~
../Core/Src/main.c: In function 'send_angles':
../Core/Src/main.c:739:29: warning: pointer targets in passing argument 2 of 'HAL_UART_Transmit' differ in signedness [-Wpointer-sign]
  HAL_UART_Transmit(&huart2, data2, sizeof(int8_t) * 2, 1000);
                             ^~~~~
In file included from ../Core/Inc/stm32f4xx_hal_conf.h:404:0,
                 from ../Drivers/STM32F4xx_HAL_Driver/Inc/stm32f4xx_hal.h:30,
                 from ../Core/Inc/main.h:31,
                 from ../Core/Src/main.c:21:
../Drivers/STM32F4xx_HAL_Driver/Inc/stm32f4xx_hal_uart.h:696:19: note: expected 'uint8_t * {aka unsigned char *}' but argument is of type 'int8_t * {aka signed char *}'
 HAL_StatusTypeDef HAL_UART_Transmit(UART_HandleTypeDef *huart, uint8_t *pData, uint16_t Size, uint32_t Timeout);
                   ^~~~~~~~~~~~~~~~~
../Core/Src/main.c: In function 'HAL_ADC_ConvHalfCpltCallback':
../Core/Src/main.c:826:5: warning: unused variable 'i' [-Wunused-variable]
 int i = 0;
     ^
make: *** [Core/Src/subdir.mk:33: Core/Src/main.o] Error 1
"make -j8 all" terminated with exit code 2. Build might be incomplete.
00:41:13 **** Incremental Build of configuration Debug for project RecordedLocator ****
make -j8 all 
arm-none-eabi-gcc "../Core/Src/main.c" -mcpu=cortex-m4 -std=gnu11 -g3 -DUSE_HAL_DRIVER -DARM_MATH_CM4 -DSTM32F446xx -DDEBUG -c -I../Core/Inc -I../Drivers/STM32F4xx_HAL_Driver/Inc -I../Drivers/STM32F4xx_HAL_Driver/Inc/Legacy -I../Drivers/CMSIS/Device/ST/STM32F4xx/Include -I../Drivers/CMSIS/Include -O0 -ffunction-sections -fdata-sections -Wall -fstack-usage -MMD -MP -MF"Core/Src/main.d" -MT"Core/Src/main.o" --specs=nano.specs -mfpu=fpv4-sp-d16 -mfloat-abi=hard -mthumb -o "Core/Src/main.o"
../Core/Src/main.c:56:0: warning: "DEBUG" redefined
 #define DEBUG 8
 
<command-line>:0:0: note: this is the location of the previous definition
../Core/Src/main.c: In function 'main':
../Core/Src/main.c:224:22: warning: unused variable 'status' [-Wunused-variable]
    HAL_StatusTypeDef status = HAL_UART_Receive_IT(&huart2, command, 5);
                      ^~~~~~
../Core/Src/main.c: In function 'send_angles':
../Core/Src/main.c:739:29: warning: pointer targets in passing argument 2 of 'HAL_UART_Transmit' differ in signedness [-Wpointer-sign]
  HAL_UART_Transmit(&huart2, data2, sizeof(int8_t) * 2, 1000);
                             ^~~~~
In file included from ../Core/Inc/stm32f4xx_hal_conf.h:404:0,
                 from ../Drivers/STM32F4xx_HAL_Driver/Inc/stm32f4xx_hal.h:30,
                 from ../Core/Inc/main.h:31,
                 from ../Core/Src/main.c:21:
../Drivers/STM32F4xx_HAL_Driver/Inc/stm32f4xx_hal_uart.h:696:19: note: expected 'uint8_t * {aka unsigned char *}' but argument is of type 'int8_t * {aka signed char *}'
 HAL_StatusTypeDef HAL_UART_Transmit(UART_HandleTypeDef *huart, uint8_t *pData, uint16_t Size, uint32_t Timeout);
                   ^~~~~~~~~~~~~~~~~
../Core/Src/main.c: In function 'HAL_ADC_ConvHalfCpltCallback':
../Core/Src/main.c:826:5: warning: unused variable 'i' [-Wunused-variable]
 int i = 0;
     ^
arm-none-eabi-gcc -o "RecordedLocator.elf" @"objects.list"  -lAcousticSL_CM4F_wc32_ot -larm_cortexM4lf_math -mcpu=cortex-m4 -T"C:\Users\catsr\source\repos\2D-Sound-Locator-ECE-44x\Embedded\RecordedLocator\STM32F446RETX_FLASH.ld" --specs=nosys.specs -Wl,-Map="RecordedLocator.map" -Wl,--gc-sections -static -L"C:\Users\catsr\source\repos\2D-Sound-Locator-ECE-44x\Embedded\RecordedLocator\lib" -L"C:\Users\catsr\Downloads\en.x-cube-memsmic1\STM32CubeExpansion_MEMSMIC1_V5.5.0\Middlewares\ST\STM32_AcousticSL_Library\Lib" -L"C:\Users\catsr\Downloads\en.x-cube-memsmic1\STM32CubeExpansion_MEMSMIC1_V5.5.0\Middlewares\ST\STM32_AcousticBF_Library\Lib" --specs=nano.specs -mfpu=fpv4-sp-d16 -mfloat-abi=hard -mthumb -Wl,--start-group -lc -lm -Wl,--end-group
Finished building target: RecordedLocator.elf
 
arm-none-eabi-objdump -h -S  RecordedLocator.elf  > "RecordedLocator.list"
arm-none-eabi-objcopy  -O binary  RecordedLocator.elf  "RecordedLocator.bin"
arm-none-eabi-size   RecordedLocator.elf 
   text	   data	    bss	    dec	    hex	filename
 115768	    136	  79760	 195664	  2fc50	RecordedLocator.elf
Finished building: default.size.stdout
 
Finished building: RecordedLocator.bin
 
Finished building: RecordedLocator.list
 
00:42:30 **** Incremental Build of configuration Debug for project RecordedLocator ****
make -j8 all 
arm-none-eabi-gcc "../Core/Src/main.c" -mcpu=cortex-m4 -std=gnu11 -g3 -DUSE_HAL_DRIVER -DARM_MATH_CM4 -DSTM32F446xx -DDEBUG -c -I../Core/Inc -I../Drivers/STM32F4xx_HAL_Driver/Inc -I../Drivers/STM32F4xx_HAL_Driver/Inc/Legacy -I../Drivers/CMSIS/Device/ST/STM32F4xx/Include -I../Drivers/CMSIS/Include -O0 -ffunction-sections -fdata-sections -Wall -fstack-usage -MMD -MP -MF"Core/Src/main.d" -MT"Core/Src/main.o" --specs=nano.specs -mfpu=fpv4-sp-d16 -mfloat-abi=hard -mthumb -o "Core/Src/main.o"
../Core/Src/main.c:56:0: warning: "DEBUG" redefined
 #define DEBUG 8
 
<command-line>:0:0: note: this is the location of the previous definition
../Core/Src/main.c: In function 'main':
../Core/Src/main.c:224:22: warning: unused variable 'status' [-Wunused-variable]
    HAL_StatusTypeDef status = HAL_UART_Receive_IT(&huart2, command, 5);
                      ^~~~~~
../Core/Src/main.c: In function 'send_angles':
../Core/Src/main.c:739:29: warning: pointer targets in passing argument 2 of 'HAL_UART_Transmit' differ in signedness [-Wpointer-sign]
  HAL_UART_Transmit(&huart2, data2, sizeof(int8_t) * 2, 1000);
                             ^~~~~
In file included from ../Core/Inc/stm32f4xx_hal_conf.h:404:0,
                 from ../Drivers/STM32F4xx_HAL_Driver/Inc/stm32f4xx_hal.h:30,
                 from ../Core/Inc/main.h:31,
                 from ../Core/Src/main.c:21:
../Drivers/STM32F4xx_HAL_Driver/Inc/stm32f4xx_hal_uart.h:696:19: note: expected 'uint8_t * {aka unsigned char *}' but argument is of type 'int8_t * {aka signed char *}'
 HAL_StatusTypeDef HAL_UART_Transmit(UART_HandleTypeDef *huart, uint8_t *pData, uint16_t Size, uint32_t Timeout);
                   ^~~~~~~~~~~~~~~~~
../Core/Src/main.c: In function 'HAL_ADC_ConvHalfCpltCallback':
../Core/Src/main.c:826:5: warning: unused variable 'i' [-Wunused-variable]
 int i = 0;
     ^
arm-none-eabi-gcc -o "RecordedLocator.elf" @"objects.list"  -lAcousticSL_CM4F_wc32_ot -larm_cortexM4lf_math -mcpu=cortex-m4 -T"C:\Users\catsr\source\repos\2D-Sound-Locator-ECE-44x\Embedded\RecordedLocator\STM32F446RETX_FLASH.ld" --specs=nosys.specs -Wl,-Map="RecordedLocator.map" -Wl,--gc-sections -static -L"C:\Users\catsr\source\repos\2D-Sound-Locator-ECE-44x\Embedded\RecordedLocator\lib" -L"C:\Users\catsr\Downloads\en.x-cube-memsmic1\STM32CubeExpansion_MEMSMIC1_V5.5.0\Middlewares\ST\STM32_AcousticSL_Library\Lib" -L"C:\Users\catsr\Downloads\en.x-cube-memsmic1\STM32CubeExpansion_MEMSMIC1_V5.5.0\Middlewares\ST\STM32_AcousticBF_Library\Lib" --specs=nano.specs -mfpu=fpv4-sp-d16 -mfloat-abi=hard -mthumb -Wl,--start-group -lc -lm -Wl,--end-group
Finished building target: RecordedLocator.elf
 
arm-none-eabi-objdump -h -S  RecordedLocator.elf  > "RecordedLocator.list"
arm-none-eabi-objcopy  -O binary  RecordedLocator.elf  "RecordedLocator.bin"
arm-none-eabi-size   RecordedLocator.elf 
   text	   data	    bss	    dec	    hex	filename
 115752	    136	  79760	 195648	  2fc40	RecordedLocator.elf
Finished building: default.size.stdout
 
Finished building: RecordedLocator.bin
 
Finished building: RecordedLocator.list
 
00:43:46 **** Incremental Build of configuration Debug for project RecordedLocator ****
make -j8 all 
arm-none-eabi-gcc "../Core/Src/main.c" -mcpu=cortex-m4 -std=gnu11 -g3 -DUSE_HAL_DRIVER -DARM_MATH_CM4 -DSTM32F446xx -DDEBUG -c -I../Core/Inc -I../Drivers/STM32F4xx_HAL_Driver/Inc -I../Drivers/STM32F4xx_HAL_Driver/Inc/Legacy -I../Drivers/CMSIS/Device/ST/STM32F4xx/Include -I../Drivers/CMSIS/Include -O0 -ffunction-sections -fdata-sections -Wall -fstack-usage -MMD -MP -MF"Core/Src/main.d" -MT"Core/Src/main.o" --specs=nano.specs -mfpu=fpv4-sp-d16 -mfloat-abi=hard -mthumb -o "Core/Src/main.o"
../Core/Src/main.c:56:0: warning: "DEBUG" redefined
 #define DEBUG 8
 
<command-line>:0:0: note: this is the location of the previous definition
../Core/Src/main.c: In function 'main':
../Core/Src/main.c:224:22: warning: unused variable 'status' [-Wunused-variable]
    HAL_StatusTypeDef status = HAL_UART_Receive_IT(&huart2, command, 5);
                      ^~~~~~
../Core/Src/main.c: In function 'send_angles':
../Core/Src/main.c:739:29: warning: pointer targets in passing argument 2 of 'HAL_UART_Transmit' differ in signedness [-Wpointer-sign]
  HAL_UART_Transmit(&huart2, data2, sizeof(int8_t) * 2, 1000);
                             ^~~~~
In file included from ../Core/Inc/stm32f4xx_hal_conf.h:404:0,
                 from ../Drivers/STM32F4xx_HAL_Driver/Inc/stm32f4xx_hal.h:30,
                 from ../Core/Inc/main.h:31,
                 from ../Core/Src/main.c:21:
../Drivers/STM32F4xx_HAL_Driver/Inc/stm32f4xx_hal_uart.h:696:19: note: expected 'uint8_t * {aka unsigned char *}' but argument is of type 'int8_t * {aka signed char *}'
 HAL_StatusTypeDef HAL_UART_Transmit(UART_HandleTypeDef *huart, uint8_t *pData, uint16_t Size, uint32_t Timeout);
                   ^~~~~~~~~~~~~~~~~
../Core/Src/main.c: In function 'HAL_ADC_ConvHalfCpltCallback':
../Core/Src/main.c:826:5: warning: unused variable 'i' [-Wunused-variable]
 int i = 0;
     ^
arm-none-eabi-gcc -o "RecordedLocator.elf" @"objects.list"  -lAcousticSL_CM4F_wc32_ot -larm_cortexM4lf_math -mcpu=cortex-m4 -T"C:\Users\catsr\source\repos\2D-Sound-Locator-ECE-44x\Embedded\RecordedLocator\STM32F446RETX_FLASH.ld" --specs=nosys.specs -Wl,-Map="RecordedLocator.map" -Wl,--gc-sections -static -L"C:\Users\catsr\source\repos\2D-Sound-Locator-ECE-44x\Embedded\RecordedLocator\lib" -L"C:\Users\catsr\Downloads\en.x-cube-memsmic1\STM32CubeExpansion_MEMSMIC1_V5.5.0\Middlewares\ST\STM32_AcousticSL_Library\Lib" -L"C:\Users\catsr\Downloads\en.x-cube-memsmic1\STM32CubeExpansion_MEMSMIC1_V5.5.0\Middlewares\ST\STM32_AcousticBF_Library\Lib" --specs=nano.specs -mfpu=fpv4-sp-d16 -mfloat-abi=hard -mthumb -Wl,--start-group -lc -lm -Wl,--end-group
Finished building target: RecordedLocator.elf
 
arm-none-eabi-objdump -h -S  RecordedLocator.elf  > "RecordedLocator.list"
arm-none-eabi-objcopy  -O binary  RecordedLocator.elf  "RecordedLocator.bin"
arm-none-eabi-size   RecordedLocator.elf 
   text	   data	    bss	    dec	    hex	filename
 115680	    136	  79752	 195568	  2fbf0	RecordedLocator.elf
Finished building: default.size.stdout
 
Finished building: RecordedLocator.bin
 
Finished building: RecordedLocator.list
 
00:45:21 **** Incremental Build of configuration Debug for project RecordedLocator ****
make -j8 all 
arm-none-eabi-gcc "../Core/Src/main.c" -mcpu=cortex-m4 -std=gnu11 -g3 -DUSE_HAL_DRIVER -DARM_MATH_CM4 -DSTM32F446xx -DDEBUG -c -I../Core/Inc -I../Drivers/STM32F4xx_HAL_Driver/Inc -I../Drivers/STM32F4xx_HAL_Driver/Inc/Legacy -I../Drivers/CMSIS/Device/ST/STM32F4xx/Include -I../Drivers/CMSIS/Include -O0 -ffunction-sections -fdata-sections -Wall -fstack-usage -MMD -MP -MF"Core/Src/main.d" -MT"Core/Src/main.o" --specs=nano.specs -mfpu=fpv4-sp-d16 -mfloat-abi=hard -mthumb -o "Core/Src/main.o"
../Core/Src/main.c:56:0: warning: "DEBUG" redefined
 #define DEBUG 8
 
<command-line>:0:0: note: this is the location of the previous definition
../Core/Src/main.c: In function 'main':
../Core/Src/main.c:224:22: warning: unused variable 'status' [-Wunused-variable]
    HAL_StatusTypeDef status = HAL_UART_Receive_IT(&huart2, command, 5);
                      ^~~~~~
../Core/Src/main.c: In function 'send_angles':
../Core/Src/main.c:739:29: warning: pointer targets in passing argument 2 of 'HAL_UART_Transmit' differ in signedness [-Wpointer-sign]
  HAL_UART_Transmit(&huart2, data2, sizeof(int8_t) * 2, 1000);
                             ^~~~~
In file included from ../Core/Inc/stm32f4xx_hal_conf.h:404:0,
                 from ../Drivers/STM32F4xx_HAL_Driver/Inc/stm32f4xx_hal.h:30,
                 from ../Core/Inc/main.h:31,
                 from ../Core/Src/main.c:21:
../Drivers/STM32F4xx_HAL_Driver/Inc/stm32f4xx_hal_uart.h:696:19: note: expected 'uint8_t * {aka unsigned char *}' but argument is of type 'int8_t * {aka signed char *}'
 HAL_StatusTypeDef HAL_UART_Transmit(UART_HandleTypeDef *huart, uint8_t *pData, uint16_t Size, uint32_t Timeout);
                   ^~~~~~~~~~~~~~~~~
../Core/Src/main.c: In function 'HAL_ADC_ConvHalfCpltCallback':
../Core/Src/main.c:826:5: warning: unused variable 'i' [-Wunused-variable]
 int i = 0;
     ^
arm-none-eabi-gcc -o "RecordedLocator.elf" @"objects.list"  -lAcousticSL_CM4F_wc32_ot -larm_cortexM4lf_math -mcpu=cortex-m4 -T"C:\Users\catsr\source\repos\2D-Sound-Locator-ECE-44x\Embedded\RecordedLocator\STM32F446RETX_FLASH.ld" --specs=nosys.specs -Wl,-Map="RecordedLocator.map" -Wl,--gc-sections -static -L"C:\Users\catsr\source\repos\2D-Sound-Locator-ECE-44x\Embedded\RecordedLocator\lib" -L"C:\Users\catsr\Downloads\en.x-cube-memsmic1\STM32CubeExpansion_MEMSMIC1_V5.5.0\Middlewares\ST\STM32_AcousticSL_Library\Lib" -L"C:\Users\catsr\Downloads\en.x-cube-memsmic1\STM32CubeExpansion_MEMSMIC1_V5.5.0\Middlewares\ST\STM32_AcousticBF_Library\Lib" --specs=nano.specs -mfpu=fpv4-sp-d16 -mfloat-abi=hard -mthumb -Wl,--start-group -lc -lm -Wl,--end-group
Finished building target: RecordedLocator.elf
 
arm-none-eabi-objdump -h -S  RecordedLocator.elf  > "RecordedLocator.list"
arm-none-eabi-objcopy  -O binary  RecordedLocator.elf  "RecordedLocator.bin"
arm-none-eabi-size   RecordedLocator.elf 
   text	   data	    bss	    dec	    hex	filename
 115480	    136	  79752	 195368	  2fb28	RecordedLocator.elf
Finished building: default.size.stdout
 
Finished building: RecordedLocator.bin
 
Finished building: RecordedLocator.list
 
00:46:52 **** Incremental Build of configuration Debug for project RecordedLocator ****
make -j8 all 
arm-none-eabi-gcc "../Core/Src/main.c" -mcpu=cortex-m4 -std=gnu11 -g3 -DUSE_HAL_DRIVER -DARM_MATH_CM4 -DSTM32F446xx -DDEBUG -c -I../Core/Inc -I../Drivers/STM32F4xx_HAL_Driver/Inc -I../Drivers/STM32F4xx_HAL_Driver/Inc/Legacy -I../Drivers/CMSIS/Device/ST/STM32F4xx/Include -I../Drivers/CMSIS/Include -O0 -ffunction-sections -fdata-sections -Wall -fstack-usage -MMD -MP -MF"Core/Src/main.d" -MT"Core/Src/main.o" --specs=nano.specs -mfpu=fpv4-sp-d16 -mfloat-abi=hard -mthumb -o "Core/Src/main.o"
../Core/Src/main.c:56:0: warning: "DEBUG" redefined
 #define DEBUG 8
 
<command-line>:0:0: note: this is the location of the previous definition
../Core/Src/main.c: In function 'main':
../Core/Src/main.c:224:22: warning: unused variable 'status' [-Wunused-variable]
    HAL_StatusTypeDef status = HAL_UART_Receive_IT(&huart2, command, 5);
                      ^~~~~~
../Core/Src/main.c: In function 'send_angles':
../Core/Src/main.c:739:29: warning: pointer targets in passing argument 2 of 'HAL_UART_Transmit' differ in signedness [-Wpointer-sign]
  HAL_UART_Transmit(&huart2, data2, sizeof(int8_t) * 2, 1000);
                             ^~~~~
In file included from ../Core/Inc/stm32f4xx_hal_conf.h:404:0,
                 from ../Drivers/STM32F4xx_HAL_Driver/Inc/stm32f4xx_hal.h:30,
                 from ../Core/Inc/main.h:31,
                 from ../Core/Src/main.c:21:
../Drivers/STM32F4xx_HAL_Driver/Inc/stm32f4xx_hal_uart.h:696:19: note: expected 'uint8_t * {aka unsigned char *}' but argument is of type 'int8_t * {aka signed char *}'
 HAL_StatusTypeDef HAL_UART_Transmit(UART_HandleTypeDef *huart, uint8_t *pData, uint16_t Size, uint32_t Timeout);
                   ^~~~~~~~~~~~~~~~~
../Core/Src/main.c: In function 'HAL_ADC_ConvHalfCpltCallback':
../Core/Src/main.c:826:5: warning: unused variable 'i' [-Wunused-variable]
 int i = 0;
     ^
arm-none-eabi-gcc -o "RecordedLocator.elf" @"objects.list"  -lAcousticSL_CM4F_wc32_ot -larm_cortexM4lf_math -mcpu=cortex-m4 -T"C:\Users\catsr\source\repos\2D-Sound-Locator-ECE-44x\Embedded\RecordedLocator\STM32F446RETX_FLASH.ld" --specs=nosys.specs -Wl,-Map="RecordedLocator.map" -Wl,--gc-sections -static -L"C:\Users\catsr\source\repos\2D-Sound-Locator-ECE-44x\Embedded\RecordedLocator\lib" -L"C:\Users\catsr\Downloads\en.x-cube-memsmic1\STM32CubeExpansion_MEMSMIC1_V5.5.0\Middlewares\ST\STM32_AcousticSL_Library\Lib" -L"C:\Users\catsr\Downloads\en.x-cube-memsmic1\STM32CubeExpansion_MEMSMIC1_V5.5.0\Middlewares\ST\STM32_AcousticBF_Library\Lib" --specs=nano.specs -mfpu=fpv4-sp-d16 -mfloat-abi=hard -mthumb -Wl,--start-group -lc -lm -Wl,--end-group
Finished building target: RecordedLocator.elf
 
arm-none-eabi-objdump -h -S  RecordedLocator.elf  > "RecordedLocator.list"
arm-none-eabi-objcopy  -O binary  RecordedLocator.elf  "RecordedLocator.bin"
arm-none-eabi-size   RecordedLocator.elf 
   text	   data	    bss	    dec	    hex	filename
 115432	    136	  79752	 195320	  2faf8	RecordedLocator.elf
Finished building: default.size.stdout
 
Finished building: RecordedLocator.bin
 
Finished building: RecordedLocator.list
 
00:47:21 **** Incremental Build of configuration Debug for project RecordedLocator ****
make -j8 all 
arm-none-eabi-size   RecordedLocator.elf 
   text	   data	    bss	    dec	    hex	filename
 115432	    136	  79752	 195320	  2faf8	RecordedLocator.elf
Finished building: default.size.stdout
 
00:48:41 **** Incremental Build of configuration Debug for project RecordedLocator ****
make -j8 all 
arm-none-eabi-gcc "../Core/Src/main.c" -mcpu=cortex-m4 -std=gnu11 -g3 -DUSE_HAL_DRIVER -DARM_MATH_CM4 -DSTM32F446xx -DDEBUG -c -I../Core/Inc -I../Drivers/STM32F4xx_HAL_Driver/Inc -I../Drivers/STM32F4xx_HAL_Driver/Inc/Legacy -I../Drivers/CMSIS/Device/ST/STM32F4xx/Include -I../Drivers/CMSIS/Include -O0 -ffunction-sections -fdata-sections -Wall -fstack-usage -MMD -MP -MF"Core/Src/main.d" -MT"Core/Src/main.o" --specs=nano.specs -mfpu=fpv4-sp-d16 -mfloat-abi=hard -mthumb -o "Core/Src/main.o"
../Core/Src/main.c:56:0: warning: "DEBUG" redefined
 #define DEBUG 8
 
<command-line>:0:0: note: this is the location of the previous definition
../Core/Src/main.c: In function 'main':
../Core/Src/main.c:224:22: warning: unused variable 'status' [-Wunused-variable]
    HAL_StatusTypeDef status = HAL_UART_Receive_IT(&huart2, command, 5);
                      ^~~~~~
../Core/Src/main.c: In function 'send_angles':
../Core/Src/main.c:739:29: warning: pointer targets in passing argument 2 of 'HAL_UART_Transmit' differ in signedness [-Wpointer-sign]
  HAL_UART_Transmit(&huart2, data2, sizeof(int8_t) * 2, 1000);
                             ^~~~~
In file included from ../Core/Inc/stm32f4xx_hal_conf.h:404:0,
                 from ../Drivers/STM32F4xx_HAL_Driver/Inc/stm32f4xx_hal.h:30,
                 from ../Core/Inc/main.h:31,
                 from ../Core/Src/main.c:21:
../Drivers/STM32F4xx_HAL_Driver/Inc/stm32f4xx_hal_uart.h:696:19: note: expected 'uint8_t * {aka unsigned char *}' but argument is of type 'int8_t * {aka signed char *}'
 HAL_StatusTypeDef HAL_UART_Transmit(UART_HandleTypeDef *huart, uint8_t *pData, uint16_t Size, uint32_t Timeout);
                   ^~~~~~~~~~~~~~~~~
../Core/Src/main.c: In function 'HAL_ADC_ConvHalfCpltCallback':
../Core/Src/main.c:826:5: warning: unused variable 'i' [-Wunused-variable]
 int i = 0;
     ^
arm-none-eabi-gcc -o "RecordedLocator.elf" @"objects.list"  -lAcousticSL_CM4F_wc32_ot -larm_cortexM4lf_math -mcpu=cortex-m4 -T"C:\Users\catsr\source\repos\2D-Sound-Locator-ECE-44x\Embedded\RecordedLocator\STM32F446RETX_FLASH.ld" --specs=nosys.specs -Wl,-Map="RecordedLocator.map" -Wl,--gc-sections -static -L"C:\Users\catsr\source\repos\2D-Sound-Locator-ECE-44x\Embedded\RecordedLocator\lib" -L"C:\Users\catsr\Downloads\en.x-cube-memsmic1\STM32CubeExpansion_MEMSMIC1_V5.5.0\Middlewares\ST\STM32_AcousticSL_Library\Lib" -L"C:\Users\catsr\Downloads\en.x-cube-memsmic1\STM32CubeExpansion_MEMSMIC1_V5.5.0\Middlewares\ST\STM32_AcousticBF_Library\Lib" --specs=nano.specs -mfpu=fpv4-sp-d16 -mfloat-abi=hard -mthumb -Wl,--start-group -lc -lm -Wl,--end-group
Finished building target: RecordedLocator.elf
 
arm-none-eabi-objdump -h -S  RecordedLocator.elf  > "RecordedLocator.list"
arm-none-eabi-objcopy  -O binary  RecordedLocator.elf  "RecordedLocator.bin"
arm-none-eabi-size   RecordedLocator.elf 
   text	   data	    bss	    dec	    hex	filename
 115472	    136	  79752	 195360	  2fb20	RecordedLocator.elf
Finished building: default.size.stdout
 
Finished building: RecordedLocator.bin
 
Finished building: RecordedLocator.list
 
00:49:54 **** Incremental Build of configuration Debug for project RecordedLocator ****
make -j8 all 
arm-none-eabi-size   RecordedLocator.elf 
   text	   data	    bss	    dec	    hex	filename
 115472	    136	  79752	 195360	  2fb20	RecordedLocator.elf
Finished building: default.size.stdout
 
00:50:51 **** Incremental Build of configuration Debug for project RecordedLocator ****
make -j8 all 
arm-none-eabi-gcc "../Core/Src/main.c" -mcpu=cortex-m4 -std=gnu11 -g3 -DUSE_HAL_DRIVER -DARM_MATH_CM4 -DSTM32F446xx -DDEBUG -c -I../Core/Inc -I../Drivers/STM32F4xx_HAL_Driver/Inc -I../Drivers/STM32F4xx_HAL_Driver/Inc/Legacy -I../Drivers/CMSIS/Device/ST/STM32F4xx/Include -I../Drivers/CMSIS/Include -O0 -ffunction-sections -fdata-sections -Wall -fstack-usage -MMD -MP -MF"Core/Src/main.d" -MT"Core/Src/main.o" --specs=nano.specs -mfpu=fpv4-sp-d16 -mfloat-abi=hard -mthumb -o "Core/Src/main.o"
../Core/Src/main.c:56:0: warning: "DEBUG" redefined
 #define DEBUG 8
 
<command-line>:0:0: note: this is the location of the previous definition
../Core/Src/main.c: In function 'main':
../Core/Src/main.c:218:40: warning: passing argument 2 of 'HAL_ADCEx_MultiModeStart_DMA' from incompatible pointer type [-Wincompatible-pointer-types]
   HAL_ADCEx_MultiModeStart_DMA(&hadc1, ADC_all, SAMPLES * 4);
                                        ^~~~~~~
In file included from ../Drivers/STM32F4xx_HAL_Driver/Inc/stm32f4xx_hal_adc.h:552:0,
                 from ../Core/Inc/stm32f4xx_hal_conf.h:292,
                 from ../Drivers/STM32F4xx_HAL_Driver/Inc/stm32f4xx_hal.h:30,
                 from ../Core/Inc/main.h:31,
                 from ../Core/Src/main.c:21:
../Drivers/STM32F4xx_HAL_Driver/Inc/stm32f4xx_hal_adc_ex.h:274:19: note: expected 'uint32_t * {aka long unsigned int *}' but argument is of type 'uint16_t * {aka short unsigned int *}'
 HAL_StatusTypeDef HAL_ADCEx_MultiModeStart_DMA(ADC_HandleTypeDef* hadc, uint32_t* pData, uint32_t Length);
                   ^~~~~~~~~~~~~~~~~~~~~~~~~~~~
../Core/Src/main.c:227:22: warning: unused variable 'status' [-Wunused-variable]
    HAL_StatusTypeDef status = HAL_UART_Receive_IT(&huart2, command, 5);
                      ^~~~~~
../Core/Src/main.c: In function 'send_angles':
../Core/Src/main.c:742:29: warning: pointer targets in passing argument 2 of 'HAL_UART_Transmit' differ in signedness [-Wpointer-sign]
  HAL_UART_Transmit(&huart2, data2, sizeof(int8_t) * 2, 1000);
                             ^~~~~
In file included from ../Core/Inc/stm32f4xx_hal_conf.h:404:0,
                 from ../Drivers/STM32F4xx_HAL_Driver/Inc/stm32f4xx_hal.h:30,
                 from ../Core/Inc/main.h:31,
                 from ../Core/Src/main.c:21:
../Drivers/STM32F4xx_HAL_Driver/Inc/stm32f4xx_hal_uart.h:696:19: note: expected 'uint8_t * {aka unsigned char *}' but argument is of type 'int8_t * {aka signed char *}'
 HAL_StatusTypeDef HAL_UART_Transmit(UART_HandleTypeDef *huart, uint8_t *pData, uint16_t Size, uint32_t Timeout);
                   ^~~~~~~~~~~~~~~~~
../Core/Src/main.c: In function 'HAL_ADC_ConvHalfCpltCallback':
../Core/Src/main.c:829:5: warning: unused variable 'i' [-Wunused-variable]
 int i = 0;
     ^
arm-none-eabi-gcc -o "RecordedLocator.elf" @"objects.list"  -lAcousticSL_CM4F_wc32_ot -larm_cortexM4lf_math -mcpu=cortex-m4 -T"C:\Users\catsr\source\repos\2D-Sound-Locator-ECE-44x\Embedded\RecordedLocator\STM32F446RETX_FLASH.ld" --specs=nosys.specs -Wl,-Map="RecordedLocator.map" -Wl,--gc-sections -static -L"C:\Users\catsr\source\repos\2D-Sound-Locator-ECE-44x\Embedded\RecordedLocator\lib" -L"C:\Users\catsr\Downloads\en.x-cube-memsmic1\STM32CubeExpansion_MEMSMIC1_V5.5.0\Middlewares\ST\STM32_AcousticSL_Library\Lib" -L"C:\Users\catsr\Downloads\en.x-cube-memsmic1\STM32CubeExpansion_MEMSMIC1_V5.5.0\Middlewares\ST\STM32_AcousticBF_Library\Lib" --specs=nano.specs -mfpu=fpv4-sp-d16 -mfloat-abi=hard -mthumb -Wl,--start-group -lc -lm -Wl,--end-group
Finished building target: RecordedLocator.elf
 
arm-none-eabi-objdump -h -S  RecordedLocator.elf  > "RecordedLocator.list"
arm-none-eabi-objcopy  -O binary  RecordedLocator.elf  "RecordedLocator.bin"
arm-none-eabi-size   RecordedLocator.elf 
   text	   data	    bss	    dec	    hex	filename
 115496	    136	  79752	 195384	  2fb38	RecordedLocator.elf
Finished building: default.size.stdout
 
Finished building: RecordedLocator.bin
 
Finished building: RecordedLocator.list
 
00:57:47 **** Incremental Build of configuration Debug for project RecordedLocator ****
make -j8 all 
arm-none-eabi-size   RecordedLocator.elf 
   text	   data	    bss	    dec	    hex	filename
 115496	    136	  79752	 195384	  2fb38	RecordedLocator.elf
Finished building: default.size.stdout
 
00:59:13 **** Incremental Build of configuration Debug for project RecordedLocator ****
make -j8 all 
arm-none-eabi-gcc "../Core/Src/main.c" -mcpu=cortex-m4 -std=gnu11 -g3 -DUSE_HAL_DRIVER -DARM_MATH_CM4 -DSTM32F446xx -DDEBUG -c -I../Core/Inc -I../Drivers/STM32F4xx_HAL_Driver/Inc -I../Drivers/STM32F4xx_HAL_Driver/Inc/Legacy -I../Drivers/CMSIS/Device/ST/STM32F4xx/Include -I../Drivers/CMSIS/Include -O0 -ffunction-sections -fdata-sections -Wall -fstack-usage -MMD -MP -MF"Core/Src/main.d" -MT"Core/Src/main.o" --specs=nano.specs -mfpu=fpv4-sp-d16 -mfloat-abi=hard -mthumb -o "Core/Src/main.o"
../Core/Src/main.c:56:0: warning: "DEBUG" redefined
 #define DEBUG 8
 
<command-line>:0:0: note: this is the location of the previous definition
../Core/Src/main.c: In function 'main':
../Core/Src/main.c:218:40: warning: passing argument 2 of 'HAL_ADCEx_MultiModeStart_DMA' from incompatible pointer type [-Wincompatible-pointer-types]
   HAL_ADCEx_MultiModeStart_DMA(&hadc1, ADC_all, SAMPLES * 4);
                                        ^~~~~~~
In file included from ../Drivers/STM32F4xx_HAL_Driver/Inc/stm32f4xx_hal_adc.h:552:0,
                 from ../Core/Inc/stm32f4xx_hal_conf.h:292,
                 from ../Drivers/STM32F4xx_HAL_Driver/Inc/stm32f4xx_hal.h:30,
                 from ../Core/Inc/main.h:31,
                 from ../Core/Src/main.c:21:
../Drivers/STM32F4xx_HAL_Driver/Inc/stm32f4xx_hal_adc_ex.h:274:19: note: expected 'uint32_t * {aka long unsigned int *}' but argument is of type 'uint16_t * {aka short unsigned int *}'
 HAL_StatusTypeDef HAL_ADCEx_MultiModeStart_DMA(ADC_HandleTypeDef* hadc, uint32_t* pData, uint32_t Length);
                   ^~~~~~~~~~~~~~~~~~~~~~~~~~~~
../Core/Src/main.c:227:22: warning: unused variable 'status' [-Wunused-variable]
    HAL_StatusTypeDef status = HAL_UART_Receive_IT(&huart2, command, 5);
                      ^~~~~~
../Core/Src/main.c: In function 'send_angles':
../Core/Src/main.c:742:29: warning: pointer targets in passing argument 2 of 'HAL_UART_Transmit' differ in signedness [-Wpointer-sign]
  HAL_UART_Transmit(&huart2, data2, sizeof(int8_t) * 2, 1000);
                             ^~~~~
In file included from ../Core/Inc/stm32f4xx_hal_conf.h:404:0,
                 from ../Drivers/STM32F4xx_HAL_Driver/Inc/stm32f4xx_hal.h:30,
                 from ../Core/Inc/main.h:31,
                 from ../Core/Src/main.c:21:
../Drivers/STM32F4xx_HAL_Driver/Inc/stm32f4xx_hal_uart.h:696:19: note: expected 'uint8_t * {aka unsigned char *}' but argument is of type 'int8_t * {aka signed char *}'
 HAL_StatusTypeDef HAL_UART_Transmit(UART_HandleTypeDef *huart, uint8_t *pData, uint16_t Size, uint32_t Timeout);
                   ^~~~~~~~~~~~~~~~~
../Core/Src/main.c: In function 'HAL_ADC_ConvHalfCpltCallback':
../Core/Src/main.c:829:5: warning: unused variable 'i' [-Wunused-variable]
 int i = 0;
     ^
arm-none-eabi-gcc -o "RecordedLocator.elf" @"objects.list"  -lAcousticSL_CM4F_wc32_ot -larm_cortexM4lf_math -mcpu=cortex-m4 -T"C:\Users\catsr\source\repos\2D-Sound-Locator-ECE-44x\Embedded\RecordedLocator\STM32F446RETX_FLASH.ld" --specs=nosys.specs -Wl,-Map="RecordedLocator.map" -Wl,--gc-sections -static -L"C:\Users\catsr\source\repos\2D-Sound-Locator-ECE-44x\Embedded\RecordedLocator\lib" -L"C:\Users\catsr\Downloads\en.x-cube-memsmic1\STM32CubeExpansion_MEMSMIC1_V5.5.0\Middlewares\ST\STM32_AcousticSL_Library\Lib" -L"C:\Users\catsr\Downloads\en.x-cube-memsmic1\STM32CubeExpansion_MEMSMIC1_V5.5.0\Middlewares\ST\STM32_AcousticBF_Library\Lib" --specs=nano.specs -mfpu=fpv4-sp-d16 -mfloat-abi=hard -mthumb -Wl,--start-group -lc -lm -Wl,--end-group
Finished building target: RecordedLocator.elf
 
arm-none-eabi-objdump -h -S  RecordedLocator.elf  > "RecordedLocator.list"
arm-none-eabi-objcopy  -O binary  RecordedLocator.elf  "RecordedLocator.bin"
arm-none-eabi-size   RecordedLocator.elf 
   text	   data	    bss	    dec	    hex	filename
 115504	    136	  79752	 195392	  2fb40	RecordedLocator.elf
Finished building: default.size.stdout
 
Finished building: RecordedLocator.bin
 
Finished building: RecordedLocator.list
 
22:56:11 **** Incremental Build of configuration Debug for project RecordedLocator ****
make -j8 all 
arm-none-eabi-gcc "../Drivers/STM32F4xx_HAL_Driver/Src/stm32f4xx_hal.c" -mcpu=cortex-m4 -std=gnu11 -g3 -DUSE_HAL_DRIVER -DARM_MATH_CM4 -DSTM32F446xx -DDEBUG -c -I../Core/Inc -I"C:/Users/catsr/source/repos/2D-Sound-Locator-ECE-44x/Embedded/RecordedLocator/Drivers/STM32_AcousticSL_Library/Inc" -I../Drivers/STM32F4xx_HAL_Driver/Inc -I../Drivers/STM32F4xx_HAL_Driver/Inc/Legacy -I../Drivers/CMSIS/Device/ST/STM32F4xx/Include -I../Drivers/CMSIS/Include -O0 -ffunction-sections -fdata-sections -Wall -fstack-usage -MMD -MP -MF"Drivers/STM32F4xx_HAL_Driver/Src/stm32f4xx_hal.d" -MT"Drivers/STM32F4xx_HAL_Driver/Src/stm32f4xx_hal.o" --specs=nano.specs -mfpu=fpv4-sp-d16 -mfloat-abi=hard -mthumb -o "Drivers/STM32F4xx_HAL_Driver/Src/stm32f4xx_hal.o"
arm-none-eabi-gcc "../Drivers/STM32F4xx_HAL_Driver/Src/stm32f4xx_hal_adc.c" -mcpu=cortex-m4 -std=gnu11 -g3 -DUSE_HAL_DRIVER -DARM_MATH_CM4 -DSTM32F446xx -DDEBUG -c -I../Core/Inc -I"C:/Users/catsr/source/repos/2D-Sound-Locator-ECE-44x/Embedded/RecordedLocator/Drivers/STM32_AcousticSL_Library/Inc" -I../Drivers/STM32F4xx_HAL_Driver/Inc -I../Drivers/STM32F4xx_HAL_Driver/Inc/Legacy -I../Drivers/CMSIS/Device/ST/STM32F4xx/Include -I../Drivers/CMSIS/Include -O0 -ffunction-sections -fdata-sections -Wall -fstack-usage -MMD -MP -MF"Drivers/STM32F4xx_HAL_Driver/Src/stm32f4xx_hal_adc.d" -MT"Drivers/STM32F4xx_HAL_Driver/Src/stm32f4xx_hal_adc.o" --specs=nano.specs -mfpu=fpv4-sp-d16 -mfloat-abi=hard -mthumb -o "Drivers/STM32F4xx_HAL_Driver/Src/stm32f4xx_hal_adc.o"
arm-none-eabi-gcc "../Drivers/STM32F4xx_HAL_Driver/Src/stm32f4xx_hal_adc_ex.c" -mcpu=cortex-m4 -std=gnu11 -g3 -DUSE_HAL_DRIVER -DARM_MATH_CM4 -DSTM32F446xx -DDEBUG -c -I../Core/Inc -I"C:/Users/catsr/source/repos/2D-Sound-Locator-ECE-44x/Embedded/RecordedLocator/Drivers/STM32_AcousticSL_Library/Inc" -I../Drivers/STM32F4xx_HAL_Driver/Inc -I../Drivers/STM32F4xx_HAL_Driver/Inc/Legacy -I../Drivers/CMSIS/Device/ST/STM32F4xx/Include -I../Drivers/CMSIS/Include -O0 -ffunction-sections -fdata-sections -Wall -fstack-usage -MMD -MP -MF"Drivers/STM32F4xx_HAL_Driver/Src/stm32f4xx_hal_adc_ex.d" -MT"Drivers/STM32F4xx_HAL_Driver/Src/stm32f4xx_hal_adc_ex.o" --specs=nano.specs -mfpu=fpv4-sp-d16 -mfloat-abi=hard -mthumb -o "Drivers/STM32F4xx_HAL_Driver/Src/stm32f4xx_hal_adc_ex.o"
arm-none-eabi-gcc "../Drivers/STM32F4xx_HAL_Driver/Src/stm32f4xx_hal_cortex.c" -mcpu=cortex-m4 -std=gnu11 -g3 -DUSE_HAL_DRIVER -DARM_MATH_CM4 -DSTM32F446xx -DDEBUG -c -I../Core/Inc -I"C:/Users/catsr/source/repos/2D-Sound-Locator-ECE-44x/Embedded/RecordedLocator/Drivers/STM32_AcousticSL_Library/Inc" -I../Drivers/STM32F4xx_HAL_Driver/Inc -I../Drivers/STM32F4xx_HAL_Driver/Inc/Legacy -I../Drivers/CMSIS/Device/ST/STM32F4xx/Include -I../Drivers/CMSIS/Include -O0 -ffunction-sections -fdata-sections -Wall -fstack-usage -MMD -MP -MF"Drivers/STM32F4xx_HAL_Driver/Src/stm32f4xx_hal_cortex.d" -MT"Drivers/STM32F4xx_HAL_Driver/Src/stm32f4xx_hal_cortex.o" --specs=nano.specs -mfpu=fpv4-sp-d16 -mfloat-abi=hard -mthumb -o "Drivers/STM32F4xx_HAL_Driver/Src/stm32f4xx_hal_cortex.o"
arm-none-eabi-gcc "../Drivers/STM32F4xx_HAL_Driver/Src/stm32f4xx_hal_dma.c" -mcpu=cortex-m4 -std=gnu11 -g3 -DUSE_HAL_DRIVER -DARM_MATH_CM4 -DSTM32F446xx -DDEBUG -c -I../Core/Inc -I"C:/Users/catsr/source/repos/2D-Sound-Locator-ECE-44x/Embedded/RecordedLocator/Drivers/STM32_AcousticSL_Library/Inc" -I../Drivers/STM32F4xx_HAL_Driver/Inc -I../Drivers/STM32F4xx_HAL_Driver/Inc/Legacy -I../Drivers/CMSIS/Device/ST/STM32F4xx/Include -I../Drivers/CMSIS/Include -O0 -ffunction-sections -fdata-sections -Wall -fstack-usage -MMD -MP -MF"Drivers/STM32F4xx_HAL_Driver/Src/stm32f4xx_hal_dma.d" -MT"Drivers/STM32F4xx_HAL_Driver/Src/stm32f4xx_hal_dma.o" --specs=nano.specs -mfpu=fpv4-sp-d16 -mfloat-abi=hard -mthumb -o "Drivers/STM32F4xx_HAL_Driver/Src/stm32f4xx_hal_dma.o"
arm-none-eabi-gcc "../Drivers/STM32F4xx_HAL_Driver/Src/stm32f4xx_hal_dma_ex.c" -mcpu=cortex-m4 -std=gnu11 -g3 -DUSE_HAL_DRIVER -DARM_MATH_CM4 -DSTM32F446xx -DDEBUG -c -I../Core/Inc -I"C:/Users/catsr/source/repos/2D-Sound-Locator-ECE-44x/Embedded/RecordedLocator/Drivers/STM32_AcousticSL_Library/Inc" -I../Drivers/STM32F4xx_HAL_Driver/Inc -I../Drivers/STM32F4xx_HAL_Driver/Inc/Legacy -I../Drivers/CMSIS/Device/ST/STM32F4xx/Include -I../Drivers/CMSIS/Include -O0 -ffunction-sections -fdata-sections -Wall -fstack-usage -MMD -MP -MF"Drivers/STM32F4xx_HAL_Driver/Src/stm32f4xx_hal_dma_ex.d" -MT"Drivers/STM32F4xx_HAL_Driver/Src/stm32f4xx_hal_dma_ex.o" --specs=nano.specs -mfpu=fpv4-sp-d16 -mfloat-abi=hard -mthumb -o "Drivers/STM32F4xx_HAL_Driver/Src/stm32f4xx_hal_dma_ex.o"
arm-none-eabi-gcc "../Drivers/STM32F4xx_HAL_Driver/Src/stm32f4xx_hal_exti.c" -mcpu=cortex-m4 -std=gnu11 -g3 -DUSE_HAL_DRIVER -DARM_MATH_CM4 -DSTM32F446xx -DDEBUG -c -I../Core/Inc -I"C:/Users/catsr/source/repos/2D-Sound-Locator-ECE-44x/Embedded/RecordedLocator/Drivers/STM32_AcousticSL_Library/Inc" -I../Drivers/STM32F4xx_HAL_Driver/Inc -I../Drivers/STM32F4xx_HAL_Driver/Inc/Legacy -I../Drivers/CMSIS/Device/ST/STM32F4xx/Include -I../Drivers/CMSIS/Include -O0 -ffunction-sections -fdata-sections -Wall -fstack-usage -MMD -MP -MF"Drivers/STM32F4xx_HAL_Driver/Src/stm32f4xx_hal_exti.d" -MT"Drivers/STM32F4xx_HAL_Driver/Src/stm32f4xx_hal_exti.o" --specs=nano.specs -mfpu=fpv4-sp-d16 -mfloat-abi=hard -mthumb -o "Drivers/STM32F4xx_HAL_Driver/Src/stm32f4xx_hal_exti.o"
arm-none-eabi-gcc "../Drivers/STM32F4xx_HAL_Driver/Src/stm32f4xx_hal_flash.c" -mcpu=cortex-m4 -std=gnu11 -g3 -DUSE_HAL_DRIVER -DARM_MATH_CM4 -DSTM32F446xx -DDEBUG -c -I../Core/Inc -I"C:/Users/catsr/source/repos/2D-Sound-Locator-ECE-44x/Embedded/RecordedLocator/Drivers/STM32_AcousticSL_Library/Inc" -I../Drivers/STM32F4xx_HAL_Driver/Inc -I../Drivers/STM32F4xx_HAL_Driver/Inc/Legacy -I../Drivers/CMSIS/Device/ST/STM32F4xx/Include -I../Drivers/CMSIS/Include -O0 -ffunction-sections -fdata-sections -Wall -fstack-usage -MMD -MP -MF"Drivers/STM32F4xx_HAL_Driver/Src/stm32f4xx_hal_flash.d" -MT"Drivers/STM32F4xx_HAL_Driver/Src/stm32f4xx_hal_flash.o" --specs=nano.specs -mfpu=fpv4-sp-d16 -mfloat-abi=hard -mthumb -o "Drivers/STM32F4xx_HAL_Driver/Src/stm32f4xx_hal_flash.o"
arm-none-eabi-gcc "../Drivers/STM32F4xx_HAL_Driver/Src/stm32f4xx_hal_flash_ex.c" -mcpu=cortex-m4 -std=gnu11 -g3 -DUSE_HAL_DRIVER -DARM_MATH_CM4 -DSTM32F446xx -DDEBUG -c -I../Core/Inc -I"C:/Users/catsr/source/repos/2D-Sound-Locator-ECE-44x/Embedded/RecordedLocator/Drivers/STM32_AcousticSL_Library/Inc" -I../Drivers/STM32F4xx_HAL_Driver/Inc -I../Drivers/STM32F4xx_HAL_Driver/Inc/Legacy -I../Drivers/CMSIS/Device/ST/STM32F4xx/Include -I../Drivers/CMSIS/Include -O0 -ffunction-sections -fdata-sections -Wall -fstack-usage -MMD -MP -MF"Drivers/STM32F4xx_HAL_Driver/Src/stm32f4xx_hal_flash_ex.d" -MT"Drivers/STM32F4xx_HAL_Driver/Src/stm32f4xx_hal_flash_ex.o" --specs=nano.specs -mfpu=fpv4-sp-d16 -mfloat-abi=hard -mthumb -o "Drivers/STM32F4xx_HAL_Driver/Src/stm32f4xx_hal_flash_ex.o"
arm-none-eabi-gcc "../Drivers/STM32F4xx_HAL_Driver/Src/stm32f4xx_hal_flash_ramfunc.c" -mcpu=cortex-m4 -std=gnu11 -g3 -DUSE_HAL_DRIVER -DARM_MATH_CM4 -DSTM32F446xx -DDEBUG -c -I../Core/Inc -I"C:/Users/catsr/source/repos/2D-Sound-Locator-ECE-44x/Embedded/RecordedLocator/Drivers/STM32_AcousticSL_Library/Inc" -I../Drivers/STM32F4xx_HAL_Driver/Inc -I../Drivers/STM32F4xx_HAL_Driver/Inc/Legacy -I../Drivers/CMSIS/Device/ST/STM32F4xx/Include -I../Drivers/CMSIS/Include -O0 -ffunction-sections -fdata-sections -Wall -fstack-usage -MMD -MP -MF"Drivers/STM32F4xx_HAL_Driver/Src/stm32f4xx_hal_flash_ramfunc.d" -MT"Drivers/STM32F4xx_HAL_Driver/Src/stm32f4xx_hal_flash_ramfunc.o" --specs=nano.specs -mfpu=fpv4-sp-d16 -mfloat-abi=hard -mthumb -o "Drivers/STM32F4xx_HAL_Driver/Src/stm32f4xx_hal_flash_ramfunc.o"
arm-none-eabi-gcc "../Drivers/STM32F4xx_HAL_Driver/Src/stm32f4xx_hal_gpio.c" -mcpu=cortex-m4 -std=gnu11 -g3 -DUSE_HAL_DRIVER -DARM_MATH_CM4 -DSTM32F446xx -DDEBUG -c -I../Core/Inc -I"C:/Users/catsr/source/repos/2D-Sound-Locator-ECE-44x/Embedded/RecordedLocator/Drivers/STM32_AcousticSL_Library/Inc" -I../Drivers/STM32F4xx_HAL_Driver/Inc -I../Drivers/STM32F4xx_HAL_Driver/Inc/Legacy -I../Drivers/CMSIS/Device/ST/STM32F4xx/Include -I../Drivers/CMSIS/Include -O0 -ffunction-sections -fdata-sections -Wall -fstack-usage -MMD -MP -MF"Drivers/STM32F4xx_HAL_Driver/Src/stm32f4xx_hal_gpio.d" -MT"Drivers/STM32F4xx_HAL_Driver/Src/stm32f4xx_hal_gpio.o" --specs=nano.specs -mfpu=fpv4-sp-d16 -mfloat-abi=hard -mthumb -o "Drivers/STM32F4xx_HAL_Driver/Src/stm32f4xx_hal_gpio.o"
arm-none-eabi-gcc "../Drivers/STM32F4xx_HAL_Driver/Src/stm32f4xx_hal_pwr.c" -mcpu=cortex-m4 -std=gnu11 -g3 -DUSE_HAL_DRIVER -DARM_MATH_CM4 -DSTM32F446xx -DDEBUG -c -I../Core/Inc -I"C:/Users/catsr/source/repos/2D-Sound-Locator-ECE-44x/Embedded/RecordedLocator/Drivers/STM32_AcousticSL_Library/Inc" -I../Drivers/STM32F4xx_HAL_Driver/Inc -I../Drivers/STM32F4xx_HAL_Driver/Inc/Legacy -I../Drivers/CMSIS/Device/ST/STM32F4xx/Include -I../Drivers/CMSIS/Include -O0 -ffunction-sections -fdata-sections -Wall -fstack-usage -MMD -MP -MF"Drivers/STM32F4xx_HAL_Driver/Src/stm32f4xx_hal_pwr.d" -MT"Drivers/STM32F4xx_HAL_Driver/Src/stm32f4xx_hal_pwr.o" --specs=nano.specs -mfpu=fpv4-sp-d16 -mfloat-abi=hard -mthumb -o "Drivers/STM32F4xx_HAL_Driver/Src/stm32f4xx_hal_pwr.o"
arm-none-eabi-gcc "../Drivers/STM32F4xx_HAL_Driver/Src/stm32f4xx_hal_pwr_ex.c" -mcpu=cortex-m4 -std=gnu11 -g3 -DUSE_HAL_DRIVER -DARM_MATH_CM4 -DSTM32F446xx -DDEBUG -c -I../Core/Inc -I"C:/Users/catsr/source/repos/2D-Sound-Locator-ECE-44x/Embedded/RecordedLocator/Drivers/STM32_AcousticSL_Library/Inc" -I../Drivers/STM32F4xx_HAL_Driver/Inc -I../Drivers/STM32F4xx_HAL_Driver/Inc/Legacy -I../Drivers/CMSIS/Device/ST/STM32F4xx/Include -I../Drivers/CMSIS/Include -O0 -ffunction-sections -fdata-sections -Wall -fstack-usage -MMD -MP -MF"Drivers/STM32F4xx_HAL_Driver/Src/stm32f4xx_hal_pwr_ex.d" -MT"Drivers/STM32F4xx_HAL_Driver/Src/stm32f4xx_hal_pwr_ex.o" --specs=nano.specs -mfpu=fpv4-sp-d16 -mfloat-abi=hard -mthumb -o "Drivers/STM32F4xx_HAL_Driver/Src/stm32f4xx_hal_pwr_ex.o"
arm-none-eabi-gcc "../Drivers/STM32F4xx_HAL_Driver/Src/stm32f4xx_hal_rcc.c" -mcpu=cortex-m4 -std=gnu11 -g3 -DUSE_HAL_DRIVER -DARM_MATH_CM4 -DSTM32F446xx -DDEBUG -c -I../Core/Inc -I"C:/Users/catsr/source/repos/2D-Sound-Locator-ECE-44x/Embedded/RecordedLocator/Drivers/STM32_AcousticSL_Library/Inc" -I../Drivers/STM32F4xx_HAL_Driver/Inc -I../Drivers/STM32F4xx_HAL_Driver/Inc/Legacy -I../Drivers/CMSIS/Device/ST/STM32F4xx/Include -I../Drivers/CMSIS/Include -O0 -ffunction-sections -fdata-sections -Wall -fstack-usage -MMD -MP -MF"Drivers/STM32F4xx_HAL_Driver/Src/stm32f4xx_hal_rcc.d" -MT"Drivers/STM32F4xx_HAL_Driver/Src/stm32f4xx_hal_rcc.o" --specs=nano.specs -mfpu=fpv4-sp-d16 -mfloat-abi=hard -mthumb -o "Drivers/STM32F4xx_HAL_Driver/Src/stm32f4xx_hal_rcc.o"
arm-none-eabi-gcc "../Drivers/STM32F4xx_HAL_Driver/Src/stm32f4xx_hal_rcc_ex.c" -mcpu=cortex-m4 -std=gnu11 -g3 -DUSE_HAL_DRIVER -DARM_MATH_CM4 -DSTM32F446xx -DDEBUG -c -I../Core/Inc -I"C:/Users/catsr/source/repos/2D-Sound-Locator-ECE-44x/Embedded/RecordedLocator/Drivers/STM32_AcousticSL_Library/Inc" -I../Drivers/STM32F4xx_HAL_Driver/Inc -I../Drivers/STM32F4xx_HAL_Driver/Inc/Legacy -I../Drivers/CMSIS/Device/ST/STM32F4xx/Include -I../Drivers/CMSIS/Include -O0 -ffunction-sections -fdata-sections -Wall -fstack-usage -MMD -MP -MF"Drivers/STM32F4xx_HAL_Driver/Src/stm32f4xx_hal_rcc_ex.d" -MT"Drivers/STM32F4xx_HAL_Driver/Src/stm32f4xx_hal_rcc_ex.o" --specs=nano.specs -mfpu=fpv4-sp-d16 -mfloat-abi=hard -mthumb -o "Drivers/STM32F4xx_HAL_Driver/Src/stm32f4xx_hal_rcc_ex.o"
arm-none-eabi-gcc "../Drivers/STM32F4xx_HAL_Driver/Src/stm32f4xx_hal_tim.c" -mcpu=cortex-m4 -std=gnu11 -g3 -DUSE_HAL_DRIVER -DARM_MATH_CM4 -DSTM32F446xx -DDEBUG -c -I../Core/Inc -I"C:/Users/catsr/source/repos/2D-Sound-Locator-ECE-44x/Embedded/RecordedLocator/Drivers/STM32_AcousticSL_Library/Inc" -I../Drivers/STM32F4xx_HAL_Driver/Inc -I../Drivers/STM32F4xx_HAL_Driver/Inc/Legacy -I../Drivers/CMSIS/Device/ST/STM32F4xx/Include -I../Drivers/CMSIS/Include -O0 -ffunction-sections -fdata-sections -Wall -fstack-usage -MMD -MP -MF"Drivers/STM32F4xx_HAL_Driver/Src/stm32f4xx_hal_tim.d" -MT"Drivers/STM32F4xx_HAL_Driver/Src/stm32f4xx_hal_tim.o" --specs=nano.specs -mfpu=fpv4-sp-d16 -mfloat-abi=hard -mthumb -o "Drivers/STM32F4xx_HAL_Driver/Src/stm32f4xx_hal_tim.o"
arm-none-eabi-gcc "../Drivers/STM32F4xx_HAL_Driver/Src/stm32f4xx_hal_tim_ex.c" -mcpu=cortex-m4 -std=gnu11 -g3 -DUSE_HAL_DRIVER -DARM_MATH_CM4 -DSTM32F446xx -DDEBUG -c -I../Core/Inc -I"C:/Users/catsr/source/repos/2D-Sound-Locator-ECE-44x/Embedded/RecordedLocator/Drivers/STM32_AcousticSL_Library/Inc" -I../Drivers/STM32F4xx_HAL_Driver/Inc -I../Drivers/STM32F4xx_HAL_Driver/Inc/Legacy -I../Drivers/CMSIS/Device/ST/STM32F4xx/Include -I../Drivers/CMSIS/Include -O0 -ffunction-sections -fdata-sections -Wall -fstack-usage -MMD -MP -MF"Drivers/STM32F4xx_HAL_Driver/Src/stm32f4xx_hal_tim_ex.d" -MT"Drivers/STM32F4xx_HAL_Driver/Src/stm32f4xx_hal_tim_ex.o" --specs=nano.specs -mfpu=fpv4-sp-d16 -mfloat-abi=hard -mthumb -o "Drivers/STM32F4xx_HAL_Driver/Src/stm32f4xx_hal_tim_ex.o"
arm-none-eabi-gcc "../Drivers/STM32F4xx_HAL_Driver/Src/stm32f4xx_hal_uart.c" -mcpu=cortex-m4 -std=gnu11 -g3 -DUSE_HAL_DRIVER -DARM_MATH_CM4 -DSTM32F446xx -DDEBUG -c -I../Core/Inc -I"C:/Users/catsr/source/repos/2D-Sound-Locator-ECE-44x/Embedded/RecordedLocator/Drivers/STM32_AcousticSL_Library/Inc" -I../Drivers/STM32F4xx_HAL_Driver/Inc -I../Drivers/STM32F4xx_HAL_Driver/Inc/Legacy -I../Drivers/CMSIS/Device/ST/STM32F4xx/Include -I../Drivers/CMSIS/Include -O0 -ffunction-sections -fdata-sections -Wall -fstack-usage -MMD -MP -MF"Drivers/STM32F4xx_HAL_Driver/Src/stm32f4xx_hal_uart.d" -MT"Drivers/STM32F4xx_HAL_Driver/Src/stm32f4xx_hal_uart.o" --specs=nano.specs -mfpu=fpv4-sp-d16 -mfloat-abi=hard -mthumb -o "Drivers/STM32F4xx_HAL_Driver/Src/stm32f4xx_hal_uart.o"
arm-none-eabi-gcc "../Core/Src/main.c" -mcpu=cortex-m4 -std=gnu11 -g3 -DUSE_HAL_DRIVER -DARM_MATH_CM4 -DSTM32F446xx -DDEBUG -c -I../Core/Inc -I../Drivers/STM32F4xx_HAL_Driver/Inc -I../Drivers/STM32F4xx_HAL_Driver/Inc/Legacy -I../Drivers/CMSIS/Device/ST/STM32F4xx/Include -I../Drivers/CMSIS/Include -O0 -ffunction-sections -fdata-sections -Wall -fstack-usage -MMD -MP -MF"Core/Src/main.d" -MT"Core/Src/main.o" --specs=nano.specs -mfpu=fpv4-sp-d16 -mfloat-abi=hard -mthumb -o "Core/Src/main.o"
arm-none-eabi-gcc "../Core/Src/stm32f4xx_hal_msp.c" -mcpu=cortex-m4 -std=gnu11 -g3 -DUSE_HAL_DRIVER -DARM_MATH_CM4 -DSTM32F446xx -DDEBUG -c -I../Core/Inc -I../Drivers/STM32F4xx_HAL_Driver/Inc -I../Drivers/STM32F4xx_HAL_Driver/Inc/Legacy -I../Drivers/CMSIS/Device/ST/STM32F4xx/Include -I../Drivers/CMSIS/Include -O0 -ffunction-sections -fdata-sections -Wall -fstack-usage -MMD -MP -MF"Core/Src/stm32f4xx_hal_msp.d" -MT"Core/Src/stm32f4xx_hal_msp.o" --specs=nano.specs -mfpu=fpv4-sp-d16 -mfloat-abi=hard -mthumb -o "Core/Src/stm32f4xx_hal_msp.o"
arm-none-eabi-gcc "../Core/Src/stm32f4xx_it.c" -mcpu=cortex-m4 -std=gnu11 -g3 -DUSE_HAL_DRIVER -DARM_MATH_CM4 -DSTM32F446xx -DDEBUG -c -I../Core/Inc -I../Drivers/STM32F4xx_HAL_Driver/Inc -I../Drivers/STM32F4xx_HAL_Driver/Inc/Legacy -I../Drivers/CMSIS/Device/ST/STM32F4xx/Include -I../Drivers/CMSIS/Include -O0 -ffunction-sections -fdata-sections -Wall -fstack-usage -MMD -MP -MF"Core/Src/stm32f4xx_it.d" -MT"Core/Src/stm32f4xx_it.o" --specs=nano.specs -mfpu=fpv4-sp-d16 -mfloat-abi=hard -mthumb -o "Core/Src/stm32f4xx_it.o"
arm-none-eabi-gcc "../Core/Src/syscalls.c" -mcpu=cortex-m4 -std=gnu11 -g3 -DUSE_HAL_DRIVER -DARM_MATH_CM4 -DSTM32F446xx -DDEBUG -c -I../Core/Inc -I../Drivers/STM32F4xx_HAL_Driver/Inc -I../Drivers/STM32F4xx_HAL_Driver/Inc/Legacy -I../Drivers/CMSIS/Device/ST/STM32F4xx/Include -I../Drivers/CMSIS/Include -O0 -ffunction-sections -fdata-sections -Wall -fstack-usage -MMD -MP -MF"Core/Src/syscalls.d" -MT"Core/Src/syscalls.o" --specs=nano.specs -mfpu=fpv4-sp-d16 -mfloat-abi=hard -mthumb -o "Core/Src/syscalls.o"
arm-none-eabi-gcc "../Core/Src/sysmem.c" -mcpu=cortex-m4 -std=gnu11 -g3 -DUSE_HAL_DRIVER -DARM_MATH_CM4 -DSTM32F446xx -DDEBUG -c -I../Core/Inc -I../Drivers/STM32F4xx_HAL_Driver/Inc -I../Drivers/STM32F4xx_HAL_Driver/Inc/Legacy -I../Drivers/CMSIS/Device/ST/STM32F4xx/Include -I../Drivers/CMSIS/Include -O0 -ffunction-sections -fdata-sections -Wall -fstack-usage -MMD -MP -MF"Core/Src/sysmem.d" -MT"Core/Src/sysmem.o" --specs=nano.specs -mfpu=fpv4-sp-d16 -mfloat-abi=hard -mthumb -o "Core/Src/sysmem.o"
arm-none-eabi-gcc "../Core/Src/system_stm32f4xx.c" -mcpu=cortex-m4 -std=gnu11 -g3 -DUSE_HAL_DRIVER -DARM_MATH_CM4 -DSTM32F446xx -DDEBUG -c -I../Core/Inc -I../Drivers/STM32F4xx_HAL_Driver/Inc -I../Drivers/STM32F4xx_HAL_Driver/Inc/Legacy -I../Drivers/CMSIS/Device/ST/STM32F4xx/Include -I../Drivers/CMSIS/Include -O0 -ffunction-sections -fdata-sections -Wall -fstack-usage -MMD -MP -MF"Core/Src/system_stm32f4xx.d" -MT"Core/Src/system_stm32f4xx.o" --specs=nano.specs -mfpu=fpv4-sp-d16 -mfloat-abi=hard -mthumb -o "Core/Src/system_stm32f4xx.o"
../Core/Src/main.c:56:0: warning: "DEBUG" redefined
 #define DEBUG 8
 
<command-line>:0:0: note: this is the location of the previous definition
../Core/Src/main.c: In function 'main':
../Core/Src/main.c:218:40: warning: passing argument 2 of 'HAL_ADCEx_MultiModeStart_DMA' from incompatible pointer type [-Wincompatible-pointer-types]
   HAL_ADCEx_MultiModeStart_DMA(&hadc1, ADC_all, SAMPLES * 4);
                                        ^~~~~~~
In file included from ../Drivers/STM32F4xx_HAL_Driver/Inc/stm32f4xx_hal_adc.h:552:0,
                 from ../Core/Inc/stm32f4xx_hal_conf.h:292,
                 from ../Drivers/STM32F4xx_HAL_Driver/Inc/stm32f4xx_hal.h:30,
                 from ../Core/Inc/main.h:31,
                 from ../Core/Src/main.c:21:
../Drivers/STM32F4xx_HAL_Driver/Inc/stm32f4xx_hal_adc_ex.h:274:19: note: expected 'uint32_t * {aka long unsigned int *}' but argument is of type 'uint16_t * {aka short unsigned int *}'
 HAL_StatusTypeDef HAL_ADCEx_MultiModeStart_DMA(ADC_HandleTypeDef* hadc, uint32_t* pData, uint32_t Length);
                   ^~~~~~~~~~~~~~~~~~~~~~~~~~~~
../Core/Src/main.c:227:22: warning: unused variable 'status' [-Wunused-variable]
    HAL_StatusTypeDef status = HAL_UART_Receive_IT(&huart2, command, 5);
                      ^~~~~~
../Core/Src/main.c: In function 'send_angles':
../Core/Src/main.c:742:29: warning: pointer targets in passing argument 2 of 'HAL_UART_Transmit' differ in signedness [-Wpointer-sign]
  HAL_UART_Transmit(&huart2, data2, sizeof(int8_t) * 2, 1000);
                             ^~~~~
In file included from ../Core/Inc/stm32f4xx_hal_conf.h:404:0,
                 from ../Drivers/STM32F4xx_HAL_Driver/Inc/stm32f4xx_hal.h:30,
                 from ../Core/Inc/main.h:31,
                 from ../Core/Src/main.c:21:
../Drivers/STM32F4xx_HAL_Driver/Inc/stm32f4xx_hal_uart.h:696:19: note: expected 'uint8_t * {aka unsigned char *}' but argument is of type 'int8_t * {aka signed char *}'
 HAL_StatusTypeDef HAL_UART_Transmit(UART_HandleTypeDef *huart, uint8_t *pData, uint16_t Size, uint32_t Timeout);
                   ^~~~~~~~~~~~~~~~~
../Core/Src/main.c: In function 'HAL_ADC_ConvHalfCpltCallback':
../Core/Src/main.c:829:5: warning: unused variable 'i' [-Wunused-variable]
 int i = 0;
     ^
arm-none-eabi-gcc -o "RecordedLocator.elf" @"objects.list"  -lAcousticSL_CM4F_wc32_ot -larm_cortexM4lf_math -mcpu=cortex-m4 -T"C:\Users\catsr\source\repos\2D-Sound-Locator-ECE-44x\Embedded\RecordedLocator\STM32F446RETX_FLASH.ld" --specs=nosys.specs -Wl,-Map="RecordedLocator.map" -Wl,--gc-sections -static -L"C:\Users\catsr\source\repos\2D-Sound-Locator-ECE-44x\Embedded\RecordedLocator\lib" -L"C:\Users\catsr\Downloads\en.x-cube-memsmic1\STM32CubeExpansion_MEMSMIC1_V5.5.0\Middlewares\ST\STM32_AcousticSL_Library\Lib" -L"C:\Users\catsr\Downloads\en.x-cube-memsmic1\STM32CubeExpansion_MEMSMIC1_V5.5.0\Middlewares\ST\STM32_AcousticBF_Library\Lib" --specs=nano.specs -mfpu=fpv4-sp-d16 -mfloat-abi=hard -mthumb -Wl,--start-group -lc -lm -Wl,--end-group
Finished building target: RecordedLocator.elf
 
arm-none-eabi-objdump -h -S  RecordedLocator.elf  > "RecordedLocator.list"
arm-none-eabi-objcopy  -O binary  RecordedLocator.elf  "RecordedLocator.bin"
arm-none-eabi-size   RecordedLocator.elf 
   text	   data	    bss	    dec	    hex	filename
 115488	    136	  79752	 195376	  2fb30	RecordedLocator.elf
Finished building: default.size.stdout
 
Finished building: RecordedLocator.bin
 
Finished building: RecordedLocator.list
 
22:58:40 **** Incremental Build of configuration Debug for project RecordedLocator ****
make -j8 all 
arm-none-eabi-gcc "../Core/Src/main.c" -mcpu=cortex-m4 -std=gnu11 -g3 -DUSE_HAL_DRIVER -DARM_MATH_CM4 -DSTM32F446xx -DDEBUG -c -I../Core/Inc -I../Drivers/STM32F4xx_HAL_Driver/Inc -I../Drivers/STM32F4xx_HAL_Driver/Inc/Legacy -I../Drivers/CMSIS/Device/ST/STM32F4xx/Include -I../Drivers/CMSIS/Include -O0 -ffunction-sections -fdata-sections -Wall -fstack-usage -MMD -MP -MF"Core/Src/main.d" -MT"Core/Src/main.o" --specs=nano.specs -mfpu=fpv4-sp-d16 -mfloat-abi=hard -mthumb -o "Core/Src/main.o"
../Core/Src/main.c:56:0: warning: "DEBUG" redefined
 #define DEBUG 8
 
<command-line>:0:0: note: this is the location of the previous definition
../Core/Src/main.c: In function 'main':
../Core/Src/main.c:218:40: warning: passing argument 2 of 'HAL_ADCEx_MultiModeStart_DMA' from incompatible pointer type [-Wincompatible-pointer-types]
   HAL_ADCEx_MultiModeStart_DMA(&hadc1, ADC_all, SAMPLES * 4);
                                        ^~~~~~~
In file included from ../Drivers/STM32F4xx_HAL_Driver/Inc/stm32f4xx_hal_adc.h:552:0,
                 from ../Core/Inc/stm32f4xx_hal_conf.h:292,
                 from ../Drivers/STM32F4xx_HAL_Driver/Inc/stm32f4xx_hal.h:30,
                 from ../Core/Inc/main.h:31,
                 from ../Core/Src/main.c:21:
../Drivers/STM32F4xx_HAL_Driver/Inc/stm32f4xx_hal_adc_ex.h:274:19: note: expected 'uint32_t * {aka long unsigned int *}' but argument is of type 'uint16_t * {aka short unsigned int *}'
 HAL_StatusTypeDef HAL_ADCEx_MultiModeStart_DMA(ADC_HandleTypeDef* hadc, uint32_t* pData, uint32_t Length);
                   ^~~~~~~~~~~~~~~~~~~~~~~~~~~~
../Core/Src/main.c:227:22: warning: unused variable 'status' [-Wunused-variable]
    HAL_StatusTypeDef status = HAL_UART_Receive_IT(&huart2, command, 5);
                      ^~~~~~
../Core/Src/main.c: In function 'send_angles':
../Core/Src/main.c:742:29: warning: pointer targets in passing argument 2 of 'HAL_UART_Transmit' differ in signedness [-Wpointer-sign]
  HAL_UART_Transmit(&huart2, data2, sizeof(int8_t) * 2, 1000);
                             ^~~~~
In file included from ../Core/Inc/stm32f4xx_hal_conf.h:404:0,
                 from ../Drivers/STM32F4xx_HAL_Driver/Inc/stm32f4xx_hal.h:30,
                 from ../Core/Inc/main.h:31,
                 from ../Core/Src/main.c:21:
../Drivers/STM32F4xx_HAL_Driver/Inc/stm32f4xx_hal_uart.h:696:19: note: expected 'uint8_t * {aka unsigned char *}' but argument is of type 'int8_t * {aka signed char *}'
 HAL_StatusTypeDef HAL_UART_Transmit(UART_HandleTypeDef *huart, uint8_t *pData, uint16_t Size, uint32_t Timeout);
                   ^~~~~~~~~~~~~~~~~
../Core/Src/main.c: In function 'HAL_ADC_ConvHalfCpltCallback':
../Core/Src/main.c:829:5: warning: unused variable 'i' [-Wunused-variable]
 int i = 0;
     ^
arm-none-eabi-gcc -o "RecordedLocator.elf" @"objects.list"  -lAcousticSL_CM4F_wc32_ot -larm_cortexM4lf_math -mcpu=cortex-m4 -T"C:\Users\catsr\source\repos\2D-Sound-Locator-ECE-44x\Embedded\RecordedLocator\STM32F446RETX_FLASH.ld" --specs=nosys.specs -Wl,-Map="RecordedLocator.map" -Wl,--gc-sections -static -L"C:\Users\catsr\source\repos\2D-Sound-Locator-ECE-44x\Embedded\RecordedLocator\lib" -L"C:\Users\catsr\Downloads\en.x-cube-memsmic1\STM32CubeExpansion_MEMSMIC1_V5.5.0\Middlewares\ST\STM32_AcousticSL_Library\Lib" -L"C:\Users\catsr\Downloads\en.x-cube-memsmic1\STM32CubeExpansion_MEMSMIC1_V5.5.0\Middlewares\ST\STM32_AcousticBF_Library\Lib" --specs=nano.specs -mfpu=fpv4-sp-d16 -mfloat-abi=hard -mthumb -Wl,--start-group -lc -lm -Wl,--end-group
Finished building target: RecordedLocator.elf
 
arm-none-eabi-objdump -h -S  RecordedLocator.elf  > "RecordedLocator.list"
arm-none-eabi-objcopy  -O binary  RecordedLocator.elf  "RecordedLocator.bin"
arm-none-eabi-size   RecordedLocator.elf 
   text	   data	    bss	    dec	    hex	filename
 115480	    136	  79752	 195368	  2fb28	RecordedLocator.elf
Finished building: default.size.stdout
 
Finished building: RecordedLocator.bin
 
Finished building: RecordedLocator.list
 
22:59:39 **** Incremental Build of configuration Debug for project RecordedLocator ****
make -j8 all 
arm-none-eabi-gcc "../Core/Src/main.c" -mcpu=cortex-m4 -std=gnu11 -g3 -DUSE_HAL_DRIVER -DARM_MATH_CM4 -DSTM32F446xx -DDEBUG -c -I../Core/Inc -I../Drivers/STM32F4xx_HAL_Driver/Inc -I../Drivers/STM32F4xx_HAL_Driver/Inc/Legacy -I../Drivers/CMSIS/Device/ST/STM32F4xx/Include -I../Drivers/CMSIS/Include -O0 -ffunction-sections -fdata-sections -Wall -fstack-usage -MMD -MP -MF"Core/Src/main.d" -MT"Core/Src/main.o" --specs=nano.specs -mfpu=fpv4-sp-d16 -mfloat-abi=hard -mthumb -o "Core/Src/main.o"
../Core/Src/main.c:56:0: warning: "DEBUG" redefined
 #define DEBUG 8
 
<command-line>:0:0: note: this is the location of the previous definition
../Core/Src/main.c: In function 'main':
../Core/Src/main.c:218:40: warning: passing argument 2 of 'HAL_ADCEx_MultiModeStart_DMA' from incompatible pointer type [-Wincompatible-pointer-types]
   HAL_ADCEx_MultiModeStart_DMA(&hadc1, ADC_all, SAMPLES * 4);
                                        ^~~~~~~
In file included from ../Drivers/STM32F4xx_HAL_Driver/Inc/stm32f4xx_hal_adc.h:552:0,
                 from ../Core/Inc/stm32f4xx_hal_conf.h:292,
                 from ../Drivers/STM32F4xx_HAL_Driver/Inc/stm32f4xx_hal.h:30,
                 from ../Core/Inc/main.h:31,
                 from ../Core/Src/main.c:21:
../Drivers/STM32F4xx_HAL_Driver/Inc/stm32f4xx_hal_adc_ex.h:274:19: note: expected 'uint32_t * {aka long unsigned int *}' but argument is of type 'uint16_t * {aka short unsigned int *}'
 HAL_StatusTypeDef HAL_ADCEx_MultiModeStart_DMA(ADC_HandleTypeDef* hadc, uint32_t* pData, uint32_t Length);
                   ^~~~~~~~~~~~~~~~~~~~~~~~~~~~
../Core/Src/main.c:227:22: warning: unused variable 'status' [-Wunused-variable]
    HAL_StatusTypeDef status = HAL_UART_Receive_IT(&huart2, command, 5);
                      ^~~~~~
../Core/Src/main.c: In function 'send_angles':
../Core/Src/main.c:742:29: warning: pointer targets in passing argument 2 of 'HAL_UART_Transmit' differ in signedness [-Wpointer-sign]
  HAL_UART_Transmit(&huart2, data2, sizeof(int8_t) * 2, 1000);
                             ^~~~~
In file included from ../Core/Inc/stm32f4xx_hal_conf.h:404:0,
                 from ../Drivers/STM32F4xx_HAL_Driver/Inc/stm32f4xx_hal.h:30,
                 from ../Core/Inc/main.h:31,
                 from ../Core/Src/main.c:21:
../Drivers/STM32F4xx_HAL_Driver/Inc/stm32f4xx_hal_uart.h:696:19: note: expected 'uint8_t * {aka unsigned char *}' but argument is of type 'int8_t * {aka signed char *}'
 HAL_StatusTypeDef HAL_UART_Transmit(UART_HandleTypeDef *huart, uint8_t *pData, uint16_t Size, uint32_t Timeout);
                   ^~~~~~~~~~~~~~~~~
../Core/Src/main.c: In function 'HAL_ADC_ConvHalfCpltCallback':
../Core/Src/main.c:829:5: warning: unused variable 'i' [-Wunused-variable]
 int i = 0;
     ^
arm-none-eabi-gcc -o "RecordedLocator.elf" @"objects.list"  -lAcousticSL_CM4F_wc32_ot -larm_cortexM4lf_math -mcpu=cortex-m4 -T"C:\Users\catsr\source\repos\2D-Sound-Locator-ECE-44x\Embedded\RecordedLocator\STM32F446RETX_FLASH.ld" --specs=nosys.specs -Wl,-Map="RecordedLocator.map" -Wl,--gc-sections -static -L"C:\Users\catsr\source\repos\2D-Sound-Locator-ECE-44x\Embedded\RecordedLocator\lib" -L"C:\Users\catsr\Downloads\en.x-cube-memsmic1\STM32CubeExpansion_MEMSMIC1_V5.5.0\Middlewares\ST\STM32_AcousticSL_Library\Lib" -L"C:\Users\catsr\Downloads\en.x-cube-memsmic1\STM32CubeExpansion_MEMSMIC1_V5.5.0\Middlewares\ST\STM32_AcousticBF_Library\Lib" --specs=nano.specs -mfpu=fpv4-sp-d16 -mfloat-abi=hard -mthumb -Wl,--start-group -lc -lm -Wl,--end-group
Finished building target: RecordedLocator.elf
 
arm-none-eabi-objdump -h -S  RecordedLocator.elf  > "RecordedLocator.list"
arm-none-eabi-objcopy  -O binary  RecordedLocator.elf  "RecordedLocator.bin"
arm-none-eabi-size   RecordedLocator.elf 
   text	   data	    bss	    dec	    hex	filename
 115480	    136	  79752	 195368	  2fb28	RecordedLocator.elf
Finished building: default.size.stdout
 
Finished building: RecordedLocator.bin
 
Finished building: RecordedLocator.list
 
23:05:09 **** Incremental Build of configuration Debug for project RecordedLocator ****
make -j8 all 
arm-none-eabi-gcc "../Core/Src/main.c" -mcpu=cortex-m4 -std=gnu11 -g3 -DUSE_HAL_DRIVER -DARM_MATH_CM4 -DSTM32F446xx -DDEBUG -c -I../Core/Inc -I../Drivers/STM32F4xx_HAL_Driver/Inc -I../Drivers/STM32F4xx_HAL_Driver/Inc/Legacy -I../Drivers/CMSIS/Device/ST/STM32F4xx/Include -I../Drivers/CMSIS/Include -O0 -ffunction-sections -fdata-sections -Wall -fstack-usage -MMD -MP -MF"Core/Src/main.d" -MT"Core/Src/main.o" --specs=nano.specs -mfpu=fpv4-sp-d16 -mfloat-abi=hard -mthumb -o "Core/Src/main.o"
../Core/Src/main.c:56:0: warning: "DEBUG" redefined
 #define DEBUG 8
 
<command-line>:0:0: note: this is the location of the previous definition
../Core/Src/main.c: In function 'main':
../Core/Src/main.c:218:40: warning: passing argument 2 of 'HAL_ADCEx_MultiModeStart_DMA' from incompatible pointer type [-Wincompatible-pointer-types]
   HAL_ADCEx_MultiModeStart_DMA(&hadc1, ADC_all, SAMPLES * 4);
                                        ^~~~~~~
In file included from ../Drivers/STM32F4xx_HAL_Driver/Inc/stm32f4xx_hal_adc.h:552:0,
                 from ../Core/Inc/stm32f4xx_hal_conf.h:292,
                 from ../Drivers/STM32F4xx_HAL_Driver/Inc/stm32f4xx_hal.h:30,
                 from ../Core/Inc/main.h:31,
                 from ../Core/Src/main.c:21:
../Drivers/STM32F4xx_HAL_Driver/Inc/stm32f4xx_hal_adc_ex.h:274:19: note: expected 'uint32_t * {aka long unsigned int *}' but argument is of type 'uint16_t * {aka short unsigned int *}'
 HAL_StatusTypeDef HAL_ADCEx_MultiModeStart_DMA(ADC_HandleTypeDef* hadc, uint32_t* pData, uint32_t Length);
                   ^~~~~~~~~~~~~~~~~~~~~~~~~~~~
[...]
In file included from ../Drivers/STM32F4xx_HAL_Driver/Inc/stm32f4xx_hal_adc.h:552:0,
                 from ../Core/Inc/stm32f4xx_hal_conf.h:292,
                 from ../Drivers/STM32F4xx_HAL_Driver/Inc/stm32f4xx_hal.h:30,
                 from ../Core/Inc/main.h:31,
                 from ../Core/Src/main.c:21:
../Drivers/STM32F4xx_HAL_Driver/Inc/stm32f4xx_hal_adc_ex.h:274:19: note: expected 'uint32_t * {aka long unsigned int *}' but argument is of type 'uint16_t * {aka short unsigned int *}'
 HAL_StatusTypeDef HAL_ADCEx_MultiModeStart_DMA(ADC_HandleTypeDef* hadc, uint32_t* pData, uint32_t Length);
                   ^~~~~~~~~~~~~~~~~~~~~~~~~~~~
../Core/Src/main.c: In function 'send_angles':
../Core/Src/main.c:787:32: warning: pointer targets in passing argument 2 of 'HAL_UART_Transmit' differ in signedness [-Wpointer-sign]
     HAL_UART_Transmit(&huart2, data, 3, 1000);
                                ^~~~
In file included from ../Core/Inc/stm32f4xx_hal_conf.h:404:0,
                 from ../Drivers/STM32F4xx_HAL_Driver/Inc/stm32f4xx_hal.h:30,
                 from ../Core/Inc/main.h:31,
                 from ../Core/Src/main.c:21:
../Drivers/STM32F4xx_HAL_Driver/Inc/stm32f4xx_hal_uart.h:696:19: note: expected 'uint8_t * {aka unsigned char *}' but argument is of type 'int8_t * {aka signed char *}'
 HAL_StatusTypeDef HAL_UART_Transmit(UART_HandleTypeDef *huart, uint8_t *pData, uint16_t Size, uint32_t Timeout);
                   ^~~~~~~~~~~~~~~~~
../Core/Src/main.c: In function 'HAL_ADC_ConvHalfCpltCallback':
../Core/Src/main.c:869:5: warning: unused variable 'i' [-Wunused-variable]
 int i = 0;
     ^
arm-none-eabi-gcc -o "RecordedLocator.elf" @"objects.list"  -lAcousticSL_CM4F_wc32_ot -larm_cortexM4lf_math -mcpu=cortex-m4 -T"C:\Users\catsr\source\repos\2D-Sound-Locator-ECE-44x\Embedded\RecordedLocator\STM32F446RETX_FLASH.ld" --specs=nosys.specs -Wl,-Map="RecordedLocator.map" -Wl,--gc-sections -static -L"C:\Users\catsr\source\repos\2D-Sound-Locator-ECE-44x\Embedded\RecordedLocator\lib" -L"C:\Users\catsr\Downloads\en.x-cube-memsmic1\STM32CubeExpansion_MEMSMIC1_V5.5.0\Middlewares\ST\STM32_AcousticSL_Library\Lib" -L"C:\Users\catsr\Downloads\en.x-cube-memsmic1\STM32CubeExpansion_MEMSMIC1_V5.5.0\Middlewares\ST\STM32_AcousticBF_Library\Lib" --specs=nano.specs -mfpu=fpv4-sp-d16 -mfloat-abi=hard -mthumb -Wl,--start-group -lc -lm -Wl,--end-group
Finished building target: RecordedLocator.elf
 
arm-none-eabi-objdump -h -S  RecordedLocator.elf  > "RecordedLocator.list"
arm-none-eabi-objcopy  -O binary  RecordedLocator.elf  "RecordedLocator.bin"
arm-none-eabi-size   RecordedLocator.elf 
   text	   data	    bss	    dec	    hex	filename
 115792	    136	  79776	 195704	  2fc78	RecordedLocator.elf
Finished building: default.size.stdout
 
Finished building: RecordedLocator.bin
 
Finished building: RecordedLocator.list
 
01:10:16 **** Incremental Build of configuration Debug for project RecordedLocator ****
make -j8 all 
arm-none-eabi-gcc "../Core/Src/main.c" -mcpu=cortex-m4 -std=gnu11 -g3 -DUSE_HAL_DRIVER -DARM_MATH_CM4 -DSTM32F446xx -DDEBUG -c -I../Core/Inc -I../Drivers/STM32F4xx_HAL_Driver/Inc -I../Drivers/STM32F4xx_HAL_Driver/Inc/Legacy -I../Drivers/CMSIS/Device/ST/STM32F4xx/Include -I../Drivers/CMSIS/Include -O0 -ffunction-sections -fdata-sections -Wall -fstack-usage -MMD -MP -MF"Core/Src/main.d" -MT"Core/Src/main.o" --specs=nano.specs -mfpu=fpv4-sp-d16 -mfloat-abi=hard -mthumb -o "Core/Src/main.o"
../Core/Src/main.c:55:0: warning: "DEBUG" redefined
 #define DEBUG 8
 
<command-line>:0:0: note: this is the location of the previous definition
../Core/Src/main.c: In function 'main':
../Core/Src/main.c:217:21: warning: unused variable 'status' [-Wunused-variable]
   HAL_StatusTypeDef status = HAL_UART_Receive_IT(&huart2, command, 5);
                     ^~~~~~
../Core/Src/main.c: In function 'do_samples':
../Core/Src/main.c:607:39: warning: passing argument 2 of 'HAL_ADCEx_MultiModeStart_DMA' from incompatible pointer type [-Wincompatible-pointer-types]
  HAL_ADCEx_MultiModeStart_DMA(&hadc1, ADC_all, SAMPLES * 4);
                                       ^~~~~~~
In file included from ../Drivers/STM32F4xx_HAL_Driver/Inc/stm32f4xx_hal_adc.h:552:0,
                 from ../Core/Inc/stm32f4xx_hal_conf.h:292,
                 from ../Drivers/STM32F4xx_HAL_Driver/Inc/stm32f4xx_hal.h:30,
                 from ../Core/Inc/main.h:31,
                 from ../Core/Src/main.c:21:
../Drivers/STM32F4xx_HAL_Driver/Inc/stm32f4xx_hal_adc_ex.h:274:19: note: expected 'uint32_t * {aka long unsigned int *}' but argument is of type 'uint16_t * {aka short unsigned int *}'
 HAL_StatusTypeDef HAL_ADCEx_MultiModeStart_DMA(ADC_HandleTypeDef* hadc, uint32_t* pData, uint32_t Length);
                   ^~~~~~~~~~~~~~~~~~~~~~~~~~~~
../Core/Src/main.c: In function 'send_angles':
../Core/Src/main.c:787:32: warning: pointer targets in passing argument 2 of 'HAL_UART_Transmit' differ in signedness [-Wpointer-sign]
     HAL_UART_Transmit(&huart2, data, 3, 1000);
                                ^~~~
In file included from ../Core/Inc/stm32f4xx_hal_conf.h:404:0,
                 from ../Drivers/STM32F4xx_HAL_Driver/Inc/stm32f4xx_hal.h:30,
                 from ../Core/Inc/main.h:31,
                 from ../Core/Src/main.c:21:
../Drivers/STM32F4xx_HAL_Driver/Inc/stm32f4xx_hal_uart.h:696:19: note: expected 'uint8_t * {aka unsigned char *}' but argument is of type 'int8_t * {aka signed char *}'
 HAL_StatusTypeDef HAL_UART_Transmit(UART_HandleTypeDef *huart, uint8_t *pData, uint16_t Size, uint32_t Timeout);
                   ^~~~~~~~~~~~~~~~~
../Core/Src/main.c: In function 'HAL_ADC_ConvHalfCpltCallback':
../Core/Src/main.c:869:5: warning: unused variable 'i' [-Wunused-variable]
 int i = 0;
     ^
arm-none-eabi-gcc -o "RecordedLocator.elf" @"objects.list"  -lAcousticSL_CM4F_wc32_ot -larm_cortexM4lf_math -mcpu=cortex-m4 -T"C:\Users\catsr\source\repos\2D-Sound-Locator-ECE-44x\Embedded\RecordedLocator\STM32F446RETX_FLASH.ld" --specs=nosys.specs -Wl,-Map="RecordedLocator.map" -Wl,--gc-sections -static -L"C:\Users\catsr\source\repos\2D-Sound-Locator-ECE-44x\Embedded\RecordedLocator\lib" -L"C:\Users\catsr\Downloads\en.x-cube-memsmic1\STM32CubeExpansion_MEMSMIC1_V5.5.0\Middlewares\ST\STM32_AcousticSL_Library\Lib" -L"C:\Users\catsr\Downloads\en.x-cube-memsmic1\STM32CubeExpansion_MEMSMIC1_V5.5.0\Middlewares\ST\STM32_AcousticBF_Library\Lib" --specs=nano.specs -mfpu=fpv4-sp-d16 -mfloat-abi=hard -mthumb -Wl,--start-group -lc -lm -Wl,--end-group
Finished building target: RecordedLocator.elf
 
arm-none-eabi-size   RecordedLocator.elf 
   text	   data	    bss	    dec	    hex	filename
 115792	    136	  79776	 195704	  2fc78	RecordedLocator.elf
Finished building: default.size.stdout
 
01:24:18 **** Incremental Build of configuration Debug for project RecordedLocator ****
make -j8 all 
arm-none-eabi-objdump -h -S  RecordedLocator.elf  > "RecordedLocator.list"
arm-none-eabi-objcopy  -O binary  RecordedLocator.elf  "RecordedLocator.bin"
arm-none-eabi-size   RecordedLocator.elf 
   text	   data	    bss	    dec	    hex	filename
 115792	    136	  79776	 195704	  2fc78	RecordedLocator.elf
Finished building: default.size.stdout
 
Finished building: RecordedLocator.bin
 
Finished building: RecordedLocator.list
 
21:12:28 **** Incremental Build of configuration Debug for project RecordedLocator ****
make -j8 all 
arm-none-eabi-gcc "../Core/Src/main.c" -mcpu=cortex-m4 -std=gnu11 -g3 -DUSE_HAL_DRIVER -DARM_MATH_CM4 -DSTM32F446xx -DDEBUG -c -I../Core/Inc -I../Drivers/STM32F4xx_HAL_Driver/Inc -I../Drivers/STM32F4xx_HAL_Driver/Inc/Legacy -I../Drivers/CMSIS/Device/ST/STM32F4xx/Include -I../Drivers/CMSIS/Include -O0 -ffunction-sections -fdata-sections -Wall -fstack-usage -MMD -MP -MF"Core/Src/main.d" -MT"Core/Src/main.o" --specs=nano.specs -mfpu=fpv4-sp-d16 -mfloat-abi=hard -mthumb -o "Core/Src/main.o"
../Core/Src/main.c:55:0: warning: "DEBUG" redefined
 #define DEBUG 8
 
<command-line>:0:0: note: this is the location of the previous definition
../Core/Src/main.c: In function 'main':
../Core/Src/main.c:217:21: warning: unused variable 'status' [-Wunused-variable]
   HAL_StatusTypeDef status = HAL_UART_Receive_IT(&huart2, command, 5);
                     ^~~~~~
../Core/Src/main.c: In function 'do_samples':
../Core/Src/main.c:607:39: warning: passing argument 2 of 'HAL_ADCEx_MultiModeStart_DMA' from incompatible pointer type [-Wincompatible-pointer-types]
  HAL_ADCEx_MultiModeStart_DMA(&hadc1, ADC_all, SAMPLES * 4);
                                       ^~~~~~~
In file included from ../Drivers/STM32F4xx_HAL_Driver/Inc/stm32f4xx_hal_adc.h:552:0,
                 from ../Core/Inc/stm32f4xx_hal_conf.h:292,
                 from ../Drivers/STM32F4xx_HAL_Driver/Inc/stm32f4xx_hal.h:30,
                 from ../Core/Inc/main.h:31,
                 from ../Core/Src/main.c:21:
../Drivers/STM32F4xx_HAL_Driver/Inc/stm32f4xx_hal_adc_ex.h:274:19: note: expected 'uint32_t * {aka long unsigned int *}' but argument is of type 'uint16_t * {aka short unsigned int *}'
 HAL_StatusTypeDef HAL_ADCEx_MultiModeStart_DMA(ADC_HandleTypeDef* hadc, uint32_t* pData, uint32_t Length);
                   ^~~~~~~~~~~~~~~~~~~~~~~~~~~~
../Core/Src/main.c: In function 'send_angles':
../Core/Src/main.c:787:32: warning: pointer targets in passing argument 2 of 'HAL_UART_Transmit' differ in signedness [-Wpointer-sign]
     HAL_UART_Transmit(&huart2, data, 3, 1000);
                                ^~~~
In file included from ../Core/Inc/stm32f4xx_hal_conf.h:404:0,
                 from ../Drivers/STM32F4xx_HAL_Driver/Inc/stm32f4xx_hal.h:30,
                 from ../Core/Inc/main.h:31,
                 from ../Core/Src/main.c:21:
../Drivers/STM32F4xx_HAL_Driver/Inc/stm32f4xx_hal_uart.h:696:19: note: expected 'uint8_t * {aka unsigned char *}' but argument is of type 'int8_t * {aka signed char *}'
 HAL_StatusTypeDef HAL_UART_Transmit(UART_HandleTypeDef *huart, uint8_t *pData, uint16_t Size, uint32_t Timeout);
                   ^~~~~~~~~~~~~~~~~
../Core/Src/main.c: In function 'HAL_ADC_ConvHalfCpltCallback':
../Core/Src/main.c:869:5: warning: unused variable 'i' [-Wunused-variable]
 int i = 0;
     ^
arm-none-eabi-gcc -o "RecordedLocator.elf" @"objects.list"  -lAcousticSL_CM4F_wc32_ot -larm_cortexM4lf_math -mcpu=cortex-m4 -T"C:\Users\catsr\source\repos\2D-Sound-Locator-ECE-44x\Embedded\RecordedLocator\STM32F446RETX_FLASH.ld" --specs=nosys.specs -Wl,-Map="RecordedLocator.map" -Wl,--gc-sections -static -L"C:\Users\catsr\source\repos\2D-Sound-Locator-ECE-44x\Embedded\RecordedLocator\lib" -L"C:\Users\catsr\Downloads\en.x-cube-memsmic1\STM32CubeExpansion_MEMSMIC1_V5.5.0\Middlewares\ST\STM32_AcousticSL_Library\Lib" -L"C:\Users\catsr\Downloads\en.x-cube-memsmic1\STM32CubeExpansion_MEMSMIC1_V5.5.0\Middlewares\ST\STM32_AcousticBF_Library\Lib" --specs=nano.specs -mfpu=fpv4-sp-d16 -mfloat-abi=hard -mthumb -Wl,--start-group -lc -lm -Wl,--end-group
Finished building target: RecordedLocator.elf
 
arm-none-eabi-size   RecordedLocator.elf 
   text	   data	    bss	    dec	    hex	filename
 115792	    136	  79776	 195704	  2fc78	RecordedLocator.elf
Finished building: default.size.stdout
 
21:20:07 **** Incremental Build of configuration Debug for project RecordedLocator ****
make -j8 all 
arm-none-eabi-gcc "../Core/Src/main.c" -mcpu=cortex-m4 -std=gnu11 -g3 -DUSE_HAL_DRIVER -DARM_MATH_CM4 -DSTM32F446xx -DDEBUG -c -I../Core/Inc -I../Drivers/STM32F4xx_HAL_Driver/Inc -I../Drivers/STM32F4xx_HAL_Driver/Inc/Legacy -I../Drivers/CMSIS/Device/ST/STM32F4xx/Include -I../Drivers/CMSIS/Include -O0 -ffunction-sections -fdata-sections -Wall -fstack-usage -MMD -MP -MF"Core/Src/main.d" -MT"Core/Src/main.o" --specs=nano.specs -mfpu=fpv4-sp-d16 -mfloat-abi=hard -mthumb -o "Core/Src/main.o"
../Core/Src/main.c:55:0: warning: "DEBUG" redefined
 #define DEBUG 8
 
<command-line>:0:0: note: this is the location of the previous definition
../Core/Src/main.c: In function 'main':
../Core/Src/main.c:217:21: warning: unused variable 'status' [-Wunused-variable]
   HAL_StatusTypeDef status = HAL_UART_Receive_IT(&huart2, command, 5);
                     ^~~~~~
../Core/Src/main.c: In function 'do_samples':
../Core/Src/main.c:607:39: warning: passing argument 2 of 'HAL_ADCEx_MultiModeStart_DMA' from incompatible pointer type [-Wincompatible-pointer-types]
  HAL_ADCEx_MultiModeStart_DMA(&hadc1, ADC_all, SAMPLES * 4);
                                       ^~~~~~~
In file included from ../Drivers/STM32F4xx_HAL_Driver/Inc/stm32f4xx_hal_adc.h:552:0,
                 from ../Core/Inc/stm32f4xx_hal_conf.h:292,
                 from ../Drivers/STM32F4xx_HAL_Driver/Inc/stm32f4xx_hal.h:30,
                 from ../Core/Inc/main.h:31,
                 from ../Core/Src/main.c:21:
../Drivers/STM32F4xx_HAL_Driver/Inc/stm32f4xx_hal_adc_ex.h:274:19: note: expected 'uint32_t * {aka long unsigned int *}' but argument is of type 'uint16_t * {aka short unsigned int *}'
 HAL_StatusTypeDef HAL_ADCEx_MultiModeStart_DMA(ADC_HandleTypeDef* hadc, uint32_t* pData, uint32_t Length);
                   ^~~~~~~~~~~~~~~~~~~~~~~~~~~~
../Core/Src/main.c: In function 'send_angles':
../Core/Src/main.c:787:32: warning: pointer targets in passing argument 2 of 'HAL_UART_Transmit' differ in signedness [-Wpointer-sign]
     HAL_UART_Transmit(&huart2, data, 3, 1000);
                                ^~~~
In file included from ../Core/Inc/stm32f4xx_hal_conf.h:404:0,
                 from ../Drivers/STM32F4xx_HAL_Driver/Inc/stm32f4xx_hal.h:30,
                 from ../Core/Inc/main.h:31,
                 from ../Core/Src/main.c:21:
../Drivers/STM32F4xx_HAL_Driver/Inc/stm32f4xx_hal_uart.h:696:19: note: expected 'uint8_t * {aka unsigned char *}' but argument is of type 'int8_t * {aka signed char *}'
 HAL_StatusTypeDef HAL_UART_Transmit(UART_HandleTypeDef *huart, uint8_t *pData, uint16_t Size, uint32_t Timeout);
                   ^~~~~~~~~~~~~~~~~
../Core/Src/main.c: In function 'HAL_ADC_ConvHalfCpltCallback':
../Core/Src/main.c:869:5: warning: unused variable 'i' [-Wunused-variable]
 int i = 0;
     ^
arm-none-eabi-gcc -o "RecordedLocator.elf" @"objects.list"  -lAcousticSL_CM4F_wc32_ot -larm_cortexM4lf_math -mcpu=cortex-m4 -T"C:\Users\catsr\source\repos\2D-Sound-Locator-ECE-44x\Embedded\RecordedLocator\STM32F446RETX_FLASH.ld" --specs=nosys.specs -Wl,-Map="RecordedLocator.map" -Wl,--gc-sections -static -L"C:\Users\catsr\source\repos\2D-Sound-Locator-ECE-44x\Embedded\RecordedLocator\lib" -L"C:\Users\catsr\Downloads\en.x-cube-memsmic1\STM32CubeExpansion_MEMSMIC1_V5.5.0\Middlewares\ST\STM32_AcousticSL_Library\Lib" -L"C:\Users\catsr\Downloads\en.x-cube-memsmic1\STM32CubeExpansion_MEMSMIC1_V5.5.0\Middlewares\ST\STM32_AcousticBF_Library\Lib" --specs=nano.specs -mfpu=fpv4-sp-d16 -mfloat-abi=hard -mthumb -Wl,--start-group -lc -lm -Wl,--end-group
Finished building target: RecordedLocator.elf
 
arm-none-eabi-objdump -h -S  RecordedLocator.elf  > "RecordedLocator.list"
arm-none-eabi-objcopy  -O binary  RecordedLocator.elf  "RecordedLocator.bin"
arm-none-eabi-size   RecordedLocator.elf 
   text	   data	    bss	    dec	    hex	filename
 115872	    136	  79776	 195784	  2fcc8	RecordedLocator.elf
Finished building: default.size.stdout
 
Finished building: RecordedLocator.bin
 
Finished building: RecordedLocator.list
 
14:39:11 **** Incremental Build of configuration Debug for project RecordedLocator ****
make -j8 all 
arm-none-eabi-gcc "../Core/Src/main.c" -mcpu=cortex-m4 -std=gnu11 -g3 -DUSE_HAL_DRIVER -DARM_MATH_CM4 -DSTM32F446xx -DDEBUG -c -I../Core/Inc -I../Drivers/STM32F4xx_HAL_Driver/Inc -I../Drivers/STM32F4xx_HAL_Driver/Inc/Legacy -I../Drivers/CMSIS/Device/ST/STM32F4xx/Include -I../Drivers/CMSIS/Include -O0 -ffunction-sections -fdata-sections -Wall -fstack-usage -MMD -MP -MF"Core/Src/main.d" -MT"Core/Src/main.o" --specs=nano.specs -mfpu=fpv4-sp-d16 -mfloat-abi=hard -mthumb -o "Core/Src/main.o"
../Core/Src/main.c:55:0: warning: "DEBUG" redefined
 #define DEBUG 8
 
<command-line>:0:0: note: this is the location of the previous definition
../Core/Src/main.c: In function 'main':
../Core/Src/main.c:217:21: warning: unused variable 'status' [-Wunused-variable]
   HAL_StatusTypeDef status = HAL_UART_Receive_IT(&huart2, command, 5);
                     ^~~~~~
../Core/Src/main.c: In function 'do_samples':
../Core/Src/main.c:607:39: warning: passing argument 2 of 'HAL_ADCEx_MultiModeStart_DMA' from incompatible pointer type [-Wincompatible-pointer-types]
  HAL_ADCEx_MultiModeStart_DMA(&hadc1, ADC_all, SAMPLES * 4);
                                       ^~~~~~~
In file included from ../Drivers/STM32F4xx_HAL_Driver/Inc/stm32f4xx_hal_adc.h:552:0,
                 from ../Core/Inc/stm32f4xx_hal_conf.h:292,
                 from ../Drivers/STM32F4xx_HAL_Driver/Inc/stm32f4xx_hal.h:30,
                 from ../Core/Inc/main.h:31,
                 from ../Core/Src/main.c:21:
../Drivers/STM32F4xx_HAL_Driver/Inc/stm32f4xx_hal_adc_ex.h:274:19: note: expected 'uint32_t * {aka long unsigned int *}' but argument is of type 'uint16_t * {aka short unsigned int *}'
 HAL_StatusTypeDef HAL_ADCEx_MultiModeStart_DMA(ADC_HandleTypeDef* hadc, uint32_t* pData, uint32_t Length);
                   ^~~~~~~~~~~~~~~~~~~~~~~~~~~~
../Core/Src/main.c: In function 'send_angles':
../Core/Src/main.c:787:32: warning: pointer targets in passing argument 2 of 'HAL_UART_Transmit' differ in signedness [-Wpointer-sign]
     HAL_UART_Transmit(&huart2, data, 3, 1000);
                                ^~~~
In file included from ../Core/Inc/stm32f4xx_hal_conf.h:404:0,
                 from ../Drivers/STM32F4xx_HAL_Driver/Inc/stm32f4xx_hal.h:30,
                 from ../Core/Inc/main.h:31,
                 from ../Core/Src/main.c:21:
../Drivers/STM32F4xx_HAL_Driver/Inc/stm32f4xx_hal_uart.h:696:19: note: expected 'uint8_t * {aka unsigned char *}' but argument is of type 'int8_t * {aka signed char *}'
 HAL_StatusTypeDef HAL_UART_Transmit(UART_HandleTypeDef *huart, uint8_t *pData, uint16_t Size, uint32_t Timeout);
                   ^~~~~~~~~~~~~~~~~
../Core/Src/main.c: In function 'HAL_ADC_ConvHalfCpltCallback':
../Core/Src/main.c:869:5: warning: unused variable 'i' [-Wunused-variable]
 int i = 0;
     ^
arm-none-eabi-gcc -o "RecordedLocator.elf" @"objects.list"  -lAcousticSL_CM4F_wc32_ot -larm_cortexM4lf_math -mcpu=cortex-m4 -T"C:\Users\catsr\source\repos\2D-Sound-Locator-ECE-44x\Embedded\RecordedLocator\STM32F446RETX_FLASH.ld" --specs=nosys.specs -Wl,-Map="RecordedLocator.map" -Wl,--gc-sections -static -L"C:\Users\catsr\source\repos\2D-Sound-Locator-ECE-44x\Embedded\RecordedLocator\lib" -L"C:\Users\catsr\Downloads\en.x-cube-memsmic1\STM32CubeExpansion_MEMSMIC1_V5.5.0\Middlewares\ST\STM32_AcousticSL_Library\Lib" -L"C:\Users\catsr\Downloads\en.x-cube-memsmic1\STM32CubeExpansion_MEMSMIC1_V5.5.0\Middlewares\ST\STM32_AcousticBF_Library\Lib" --specs=nano.specs -mfpu=fpv4-sp-d16 -mfloat-abi=hard -mthumb -Wl,--start-group -lc -lm -Wl,--end-group
Finished building target: RecordedLocator.elf
 
arm-none-eabi-objdump -h -S  RecordedLocator.elf  > "RecordedLocator.list"
arm-none-eabi-objcopy  -O binary  RecordedLocator.elf  "RecordedLocator.bin"
arm-none-eabi-size   RecordedLocator.elf 
   text	   data	    bss	    dec	    hex	filename
 115816	    136	  79776	 195728	  2fc90	RecordedLocator.elf
Finished building: default.size.stdout
 
Finished building: RecordedLocator.bin
 
Finished building: RecordedLocator.list
 
16:57:50 **** Incremental Build of configuration Debug for project RecordedLocator ****
make -j8 all 
arm-none-eabi-size   RecordedLocator.elf 
   text	   data	    bss	    dec	    hex	filename
 115816	    136	  79776	 195728	  2fc90	RecordedLocator.elf
Finished building: default.size.stdout
 
18:31:39 **** Incremental Build of configuration Debug for project RecordedLocator ****
make -j8 all 
arm-none-eabi-size   RecordedLocator.elf 
   text	   data	    bss	    dec	    hex	filename
 115816	    136	  79776	 195728	  2fc90	RecordedLocator.elf
Finished building: default.size.stdout
 
