23:15:36 **** Incremental Build of configuration Debug for project Locator ****
make -j8 all 
arm-none-eabi-gcc "../Core/Src/main.c" -mcpu=cortex-m4 -std=gnu11 -g3 -DUSE_HAL_DRIVER -DARM_MATH_CM4 -DSTM32F446xx -DDEBUG -c -I../Core/Inc -I../Drivers/STM32F4xx_HAL_Driver/Inc -I../Drivers/STM32F4xx_HAL_Driver/Inc/Legacy -I../Drivers/CMSIS/Device/ST/STM32F4xx/Include -I../Drivers/CMSIS/Include -O0 -ffunction-sections -fdata-sections -Wall -fstack-usage -MMD -MP -MF"Core/Src/main.d" -MT"Core/Src/main.o" --specs=nano.specs -mfpu=fpv4-sp-d16 -mfloat-abi=hard -mthumb -o "Core/Src/main.o"
../Core/Src/main.c: In function 'main':
../Core/Src/main.c:161:12: warning: unused variable 'i' [-Wunused-variable]
   uint16_t i = 0;
            ^
../Core/Src/main.c: In function 'HAL_TIM_PeriodElapsedCallback':
../Core/Src/main.c:585:3: warning: implicit declaration of function 'printf' [-Wimplicit-function-declaration]
   printf("%d: %d %d %d %d\n\r", si, top_sample, bottom_sample, right_sample, left_sample);
   ^~~~~~
../Core/Src/main.c:585:3: warning: incompatible implicit declaration of built-in function 'printf'
../Core/Src/main.c:585:3: note: include '<stdio.h>' or provide a declaration of 'printf'
../Core/Src/main.c:585:16: warning: format '%d' expects argument of type 'int', but argument 3 has type 'uint32_t {aka long unsigned int}' [-Wformat=]
   printf("%d: %d %d %d %d\n\r", si, top_sample, bottom_sample, right_sample, left_sample);
               ~^
               %ld
../Core/Src/main.c:585:19: warning: format '%d' expects argument of type 'int', but argument 4 has type 'uint32_t {aka long unsigned int}' [-Wformat=]
   printf("%d: %d %d %d %d\n\r", si, top_sample, bottom_sample, right_sample, left_sample);
                  ~^
                  %ld
../Core/Src/main.c:585:22: warning: format '%d' expects argument of type 'int', but argument 5 has type 'uint32_t {aka long unsigned int}' [-Wformat=]
   printf("%d: %d %d %d %d\n\r", si, top_sample, bottom_sample, right_sample, left_sample);
                     ~^
                     %ld
../Core/Src/main.c:585:25: warning: format '%d' expects argument of type 'int', but argument 6 has type 'uint32_t {aka long unsigned int}' [-Wformat=]
   printf("%d: %d %d %d %d\n\r", si, top_sample, bottom_sample, right_sample, left_sample);
                        ~^
                        %ld
arm-none-eabi-gcc -o "Locator.elf" @"objects.list"  -larm_cortexM4lf_math -mcpu=cortex-m4 -T"C:\Users\catsr\source\repos\2D-Sound-Locator-ECE-44x\Embedded\Locator\STM32F446RETX_FLASH.ld" --specs=nosys.specs -Wl,-Map="Locator.map" -Wl,--gc-sections -static -L"C:\Users\catsr\source\repos\CMSIS\CMSIS\DSP\Lib\GCC" -L"C:\Users\catsr\source\repos\CMSIS\CMSIS\DSP\Lib\ARM" --specs=nano.specs -mfpu=fpv4-sp-d16 -mfloat-abi=hard -mthumb -Wl,--start-group -lc -lm -Wl,--end-group
Finished building target: Locator.elf
 
arm-none-eabi-objdump -h -S  Locator.elf  > "Locator.list"
arm-none-eabi-objcopy  -O binary  Locator.elf  "Locator.bin"
arm-none-eabi-size   Locator.elf 
   text	   data	    bss	    dec	    hex	filename
 116680	    120	  28776	 145576	  238a8	Locator.elf
Finished building: default.size.stdout
 
Finished building: Locator.bin
 
Finished building: Locator.list
 

23:15:39 Build Finished. 0 errors, 7 warnings. (took 3s.368ms)

